../Core/Src/main.c:166:5:__io_putchar	16	static
../Core/Src/main.c:179:6:calculateFFT	20640	dynamic
../Core/Src/main.c:309:6:FundamentalToNote	40	static
../Core/Src/main.c:328:5:main	32	static
../Core/Src/main.c:399:6:SystemClock_Config	88	static
../Core/Src/main.c:454:13:MX_ADC1_Init	24	static
../Core/Src/main.c:551:13:MX_TIM2_Init	64	static
../Core/Src/main.c:610:13:MX_USART2_UART_Init	8	static
../Core/Src/main.c:643:13:MX_USART3_UART_Init	8	static
../Core/Src/main.c:674:13:MX_DMA_Init	16	static
../Core/Src/main.c:696:13:MX_GPIO_Init	48	static
../Core/Src/main.c:746:6:HAL_ADC_ConvCpltCallback	88	static
../Core/Src/main.c:883:6:HAL_ADC_ConvHalfCpltCallback	88	static
../Core/Src/main.c:1032:6:Error_Handler	4	static,ignoring_inline_asm
