Archive member included to satisfy reference by file (symbol)

C:\Users\lukas\STM32CubeIDE\workspace_1.17.0\Gitara_float_fft\Lib\libarm_cortexM4lf_math.a(arm_min_f32.o)
                              ./Core/Src/main.o (arm_min_f32)
C:\Users\lukas\STM32CubeIDE\workspace_1.17.0\Gitara_float_fft\Lib\libarm_cortexM4lf_math.a(arm_mean_f32.o)
                              ./Core/Src/main.o (arm_mean_f32)
C:\Users\lukas\STM32CubeIDE\workspace_1.17.0\Gitara_float_fft\Lib\libarm_cortexM4lf_math.a(arm_max_f32.o)
                              ./Core/Src/main.o (arm_max_f32)
C:\Users\lukas\STM32CubeIDE\workspace_1.17.0\Gitara_float_fft\Lib\libarm_cortexM4lf_math.a(arm_rfft_fast_init_f32.o)
                              ./Core/Src/main.o (arm_rfft_fast_init_f32)
C:\Users\lukas\STM32CubeIDE\workspace_1.17.0\Gitara_float_fft\Lib\libarm_cortexM4lf_math.a(arm_rfft_fast_f32.o)
                              ./Core/Src/main.o (arm_rfft_fast_f32)
C:\Users\lukas\STM32CubeIDE\workspace_1.17.0\Gitara_float_fft\Lib\libarm_cortexM4lf_math.a(arm_cfft_f32.o)
                              C:\Users\lukas\STM32CubeIDE\workspace_1.17.0\Gitara_float_fft\Lib\libarm_cortexM4lf_math.a(arm_rfft_fast_f32.o) (arm_cfft_f32)
C:\Users\lukas\STM32CubeIDE\workspace_1.17.0\Gitara_float_fft\Lib\libarm_cortexM4lf_math.a(arm_fir_init_f32.o)
                              ./Core/Src/main.o (arm_fir_init_f32)
C:\Users\lukas\STM32CubeIDE\workspace_1.17.0\Gitara_float_fft\Lib\libarm_cortexM4lf_math.a(arm_fir_f32.o)
                              ./Core/Src/main.o (arm_fir_f32)
C:\Users\lukas\STM32CubeIDE\workspace_1.17.0\Gitara_float_fft\Lib\libarm_cortexM4lf_math.a(arm_offset_f32.o)
                              ./Core/Src/main.o (arm_offset_f32)
C:\Users\lukas\STM32CubeIDE\workspace_1.17.0\Gitara_float_fft\Lib\libarm_cortexM4lf_math.a(arm_mult_f32.o)
                              ./Core/Src/main.o (arm_mult_f32)
C:\Users\lukas\STM32CubeIDE\workspace_1.17.0\Gitara_float_fft\Lib\libarm_cortexM4lf_math.a(arm_common_tables.o)
                              C:\Users\lukas\STM32CubeIDE\workspace_1.17.0\Gitara_float_fft\Lib\libarm_cortexM4lf_math.a(arm_rfft_fast_init_f32.o) (twiddleCoef_rfft_4096)
C:\Users\lukas\STM32CubeIDE\workspace_1.17.0\Gitara_float_fft\Lib\libarm_cortexM4lf_math.a(arm_bitreversal2.o)
                              C:\Users\lukas\STM32CubeIDE\workspace_1.17.0\Gitara_float_fft\Lib\libarm_cortexM4lf_math.a(arm_cfft_f32.o) (arm_bitreversal_32)
C:\Users\lukas\STM32CubeIDE\workspace_1.17.0\Gitara_float_fft\Lib\libarm_cortexM4lf_math.a(arm_cfft_radix8_f32.o)
                              C:\Users\lukas\STM32CubeIDE\workspace_1.17.0\Gitara_float_fft\Lib\libarm_cortexM4lf_math.a(arm_cfft_f32.o) (arm_radix8_butterfly_f32)
C:/ST/STM32CubeIDE_1.17.0/STM32CubeIDE/plugins/com.st.stm32cube.ide.mcu.externaltools.gnu-tools-for-stm32.12.3.rel1.win32_1.1.0.202410251130/tools/bin/../lib/gcc/arm-none-eabi/12.3.1/../../../../arm-none-eabi/lib/thumb/v7e-m+fp/hard\libc_nano.a(libc_a-exit.o)
                              C:/ST/STM32CubeIDE_1.17.0/STM32CubeIDE/plugins/com.st.stm32cube.ide.mcu.externaltools.gnu-tools-for-stm32.12.3.rel1.win32_1.1.0.202410251130/tools/bin/../lib/gcc/arm-none-eabi/12.3.1/../../../../arm-none-eabi/lib/thumb/v7e-m+fp/hard/crt0.o (exit)
C:/ST/STM32CubeIDE_1.17.0/STM32CubeIDE/plugins/com.st.stm32cube.ide.mcu.externaltools.gnu-tools-for-stm32.12.3.rel1.win32_1.1.0.202410251130/tools/bin/../lib/gcc/arm-none-eabi/12.3.1/../../../../arm-none-eabi/lib/thumb/v7e-m+fp/hard\libc_nano.a(libc_a-nano-vfprintf_float.o)
                              (_printf_float)
C:/ST/STM32CubeIDE_1.17.0/STM32CubeIDE/plugins/com.st.stm32cube.ide.mcu.externaltools.gnu-tools-for-stm32.12.3.rel1.win32_1.1.0.202410251130/tools/bin/../lib/gcc/arm-none-eabi/12.3.1/../../../../arm-none-eabi/lib/thumb/v7e-m+fp/hard\libc_nano.a(libc_a-nano-vfprintf_i.o)
                              C:/ST/STM32CubeIDE_1.17.0/STM32CubeIDE/plugins/com.st.stm32cube.ide.mcu.externaltools.gnu-tools-for-stm32.12.3.rel1.win32_1.1.0.202410251130/tools/bin/../lib/gcc/arm-none-eabi/12.3.1/../../../../arm-none-eabi/lib/thumb/v7e-m+fp/hard\libc_nano.a(libc_a-nano-vfprintf_float.o) (_printf_common)
C:/ST/STM32CubeIDE_1.17.0/STM32CubeIDE/plugins/com.st.stm32cube.ide.mcu.externaltools.gnu-tools-for-stm32.12.3.rel1.win32_1.1.0.202410251130/tools/bin/../lib/gcc/arm-none-eabi/12.3.1/../../../../arm-none-eabi/lib/thumb/v7e-m+fp/hard\libc_nano.a(libc_a-findfp.o)
                              C:/ST/STM32CubeIDE_1.17.0/STM32CubeIDE/plugins/com.st.stm32cube.ide.mcu.externaltools.gnu-tools-for-stm32.12.3.rel1.win32_1.1.0.202410251130/tools/bin/../lib/gcc/arm-none-eabi/12.3.1/../../../../arm-none-eabi/lib/thumb/v7e-m+fp/hard\libc_nano.a(libc_a-exit.o) (__stdio_exit_handler)
[...]
Memory Configuration

Name             Origin             Length             Attributes
RAM              0x20000000         0x00020000         xrw
FLASH            0x08000000         0x00080000         xr
*default*        0x00000000         0xffffffff

Linker script and memory map

LOAD C:/ST/STM32CubeIDE_1.17.0/STM32CubeIDE/plugins/com.st.stm32cube.ide.mcu.externaltools.gnu-tools-for-stm32.12.3.rel1.win32_1.1.0.202410251130/tools/bin/../lib/gcc/arm-none-eabi/12.3.1/thumb/v7e-m+fp/hard/crti.o
LOAD C:/ST/STM32CubeIDE_1.17.0/STM32CubeIDE/plugins/com.st.stm32cube.ide.mcu.externaltools.gnu-tools-for-stm32.12.3.rel1.win32_1.1.0.202410251130/tools/bin/../lib/gcc/arm-none-eabi/12.3.1/thumb/v7e-m+fp/hard/crtbegin.o
LOAD C:/ST/STM32CubeIDE_1.17.0/STM32CubeIDE/plugins/com.st.stm32cube.ide.mcu.externaltools.gnu-tools-for-stm32.12.3.rel1.win32_1.1.0.202410251130/tools/bin/../lib/gcc/arm-none-eabi/12.3.1/../../../../arm-none-eabi/lib/thumb/v7e-m+fp/hard/crt0.o
LOAD ./Core/Src/main.o
LOAD ./Core/Src/stm32f4xx_hal_msp.o
LOAD ./Core/Src/stm32f4xx_it.o
LOAD ./Core/Src/syscalls.o
LOAD ./Core/Src/sysmem.o
LOAD ./Core/Src/system_stm32f4xx.o
LOAD ./Core/Startup/startup_stm32f446retx.o
LOAD ./Drivers/STM32F4xx_HAL_Driver/Src/stm32f4xx_hal.o
LOAD ./Drivers/STM32F4xx_HAL_Driver/Src/stm32f4xx_hal_adc.o
LOAD ./Drivers/STM32F4xx_HAL_Driver/Src/stm32f4xx_hal_adc_ex.o
LOAD ./Drivers/STM32F4xx_HAL_Driver/Src/stm32f4xx_hal_cortex.o
LOAD ./Drivers/STM32F4xx_HAL_Driver/Src/stm32f4xx_hal_dma.o
LOAD ./Drivers/STM32F4xx_HAL_Driver/Src/stm32f4xx_hal_dma_ex.o
LOAD ./Drivers/STM32F4xx_HAL_Driver/Src/stm32f4xx_hal_exti.o
LOAD ./Drivers/STM32F4xx_HAL_Driver/Src/stm32f4xx_hal_flash.o
LOAD ./Drivers/STM32F4xx_HAL_Driver/Src/stm32f4xx_hal_flash_ex.o
LOAD ./Drivers/STM32F4xx_HAL_Driver/Src/stm32f4xx_hal_flash_ramfunc.o
LOAD ./Drivers/STM32F4xx_HAL_Driver/Src/stm32f4xx_hal_gpio.o
LOAD ./Drivers/STM32F4xx_HAL_Driver/Src/stm32f4xx_hal_pwr.o
LOAD ./Drivers/STM32F4xx_HAL_Driver/Src/stm32f4xx_hal_pwr_ex.o
LOAD ./Drivers/STM32F4xx_HAL_Driver/Src/stm32f4xx_hal_rcc.o
LOAD ./Drivers/STM32F4xx_HAL_Driver/Src/stm32f4xx_hal_rcc_ex.o
LOAD ./Drivers/STM32F4xx_HAL_Driver/Src/stm32f4xx_hal_tim.o
LOAD ./Drivers/STM32F4xx_HAL_Driver/Src/stm32f4xx_hal_tim_ex.o
LOAD ./Drivers/STM32F4xx_HAL_Driver/Src/stm32f4xx_hal_uart.o
LOAD ./Drivers/STM32F4xx_HAL_Driver/Src/stm32f4xx_ll_adc.o
LOAD C:\Users\lukas\STM32CubeIDE\workspace_1.17.0\Gitara_float_fft\Lib\libarm_cortexM4lf_math.a
START GROUP
LOAD C:/ST/STM32CubeIDE_1.17.0/STM32CubeIDE/plugins/com.st.stm32cube.ide.mcu.externaltools.gnu-tools-for-stm32.12.3.rel1.win32_1.1.0.202410251130/tools/bin/../lib/gcc/arm-none-eabi/12.3.1/../../../../arm-none-eabi/lib/thumb/v7e-m+fp/hard\libc_nano.a
LOAD C:/ST/STM32CubeIDE_1.17.0/STM32CubeIDE/plugins/com.st.stm32cube.ide.mcu.externaltools.gnu-tools-for-stm32.12.3.rel1.win32_1.1.0.202410251130/tools/bin/../lib/gcc/arm-none-eabi/12.3.1/../../../../arm-none-eabi/lib/thumb/v7e-m+fp/hard\libm.a
END GROUP
START GROUP
LOAD C:/ST/STM32CubeIDE_1.17.0/STM32CubeIDE/plugins/com.st.stm32cube.ide.mcu.externaltools.gnu-tools-for-stm32.12.3.rel1.win32_1.1.0.202410251130/tools/bin/../lib/gcc/arm-none-eabi/12.3.1/thumb/v7e-m+fp/hard\libgcc.a
LOAD C:/ST/STM32CubeIDE_1.17.0/STM32CubeIDE/plugins/com.st.stm32cube.ide.mcu.externaltools.gnu-tools-for-stm32.12.3.rel1.win32_1.1.0.202410251130/tools/bin/../lib/gcc/arm-none-eabi/12.3.1/../../../../arm-none-eabi/lib/thumb/v7e-m+fp/hard\libc_nano.a
END GROUP
START GROUP
LOAD C:/ST/STM32CubeIDE_1.17.0/STM32CubeIDE/plugins/com.st.stm32cube.ide.mcu.externaltools.gnu-tools-for-stm32.12.3.rel1.win32_1.1.0.202410251130/tools/bin/../lib/gcc/arm-none-eabi/12.3.1/thumb/v7e-m+fp/hard\libgcc.a
LOAD C:/ST/STM32CubeIDE_1.17.0/STM32CubeIDE/plugins/com.st.stm32cube.ide.mcu.externaltools.gnu-tools-for-stm32.12.3.rel1.win32_1.1.0.202410251130/tools/bin/../lib/gcc/arm-none-eabi/12.3.1/../../../../arm-none-eabi/lib/thumb/v7e-m+fp/hard\libc_nano.a
LOAD C:/ST/STM32CubeIDE_1.17.0/STM32CubeIDE/plugins/com.st.stm32cube.ide.mcu.externaltools.gnu-tools-for-stm32.12.3.rel1.win32_1.1.0.202410251130/tools/bin/../lib/gcc/arm-none-eabi/12.3.1/../../../../arm-none-eabi/lib/thumb/v7e-m+fp/hard\libnosys.a
END GROUP
START GROUP
LOAD C:/ST/STM32CubeIDE_1.17.0/STM32CubeIDE/plugins/com.st.stm32cube.ide.mcu.externaltools.gnu-tools-for-stm32.12.3.rel1.win32_1.1.0.202410251130/tools/bin/../lib/gcc/arm-none-eabi/12.3.1/thumb/v7e-m+fp/hard\libgcc.a
LOAD C:/ST/STM32CubeIDE_1.17.0/STM32CubeIDE/plugins/com.st.stm32cube.ide.mcu.externaltools.gnu-tools-for-stm32.12.3.rel1.win32_1.1.0.202410251130/tools/bin/../lib/gcc/arm-none-eabi/12.3.1/../../../../arm-none-eabi/lib/thumb/v7e-m+fp/hard\libc_nano.a
LOAD C:/ST/STM32CubeIDE_1.17.0/STM32CubeIDE/plugins/com.st.stm32cube.ide.mcu.externaltools.gnu-tools-for-stm32.12.3.rel1.win32_1.1.0.202410251130/tools/bin/../lib/gcc/arm-none-eabi/12.3.1/../../../../arm-none-eabi/lib/thumb/v7e-m+fp/hard\libnosys.a
END GROUP
LOAD C:/ST/STM32CubeIDE_1.17.0/STM32CubeIDE/plugins/com.st.stm32cube.ide.mcu.externaltools.gnu-tools-for-stm32.12.3.rel1.win32_1.1.0.202410251130/tools/bin/../lib/gcc/arm-none-eabi/12.3.1/thumb/v7e-m+fp/hard/crtend.o
LOAD C:/ST/STM32CubeIDE_1.17.0/STM32CubeIDE/plugins/com.st.stm32cube.ide.mcu.externaltools.gnu-tools-for-stm32.12.3.rel1.win32_1.1.0.202410251130/tools/bin/../lib/gcc/arm-none-eabi/12.3.1/thumb/v7e-m+fp/hard/crtn.o
                0x20020000                        _estack = (ORIGIN (RAM) + LENGTH (RAM))
                0x00000200                        _Min_Heap_Size = 0x200
                0x00000400                        _Min_Stack_Size = 0x400

.isr_vector     0x08000000      0x1c4
                0x08000000                        . = ALIGN (0x4)
 *(.isr_vector)
 .isr_vector    0x08000000      0x1c4 ./Core/Startup/startup_stm32f446retx.o
                0x08000000                g_pfnVectors
                0x080001c4                        . = ALIGN (0x4)

.text           0x080001d0     0xcb60
                0x080001d0                        . = ALIGN (0x4)
 *(.text)
 .text          0x080001d0       0x40 C:/ST/STM32CubeIDE_1.17.0/STM32CubeIDE/plugins/com.st.stm32cube.ide.mcu.externaltools.gnu-tools-for-stm32.12.3.rel1.win32_1.1.0.202410251130/tools/bin/../lib/gcc/arm-none-eabi/12.3.1/thumb/v7e-m+fp/hard/crtbegin.o
 .text          0x08000210       0xc0 C:\Users\lukas\STM32CubeIDE\workspace_1.17.0\Gitara_float_fft\Lib\libarm_cortexM4lf_math.a(arm_bitreversal2.o)
                0x08000210                arm_bitreversal_32
                0x0800027a                arm_bitreversal_16
 .text          0x080002d0       0xa0 C:/ST/STM32CubeIDE_1.17.0/STM32CubeIDE/plugins/com.st.stm32cube.ide.mcu.externaltools.gnu-tools-for-stm32.12.3.rel1.win32_1.1.0.202410251130/tools/bin/../lib/gcc/arm-none-eabi/12.3.1/../../../../arm-none-eabi/lib/thumb/v7e-m+fp/hard\libc_nano.a(libc_a-memchr.o)
                0x080002d0                memchr
 .text          0x08000370       0x10 C:/ST/STM32CubeIDE_1.17.0/STM32CubeIDE/plugins/com.st.stm32cube.ide.mcu.externaltools.gnu-tools-for-stm32.12.3.rel1.win32_1.1.0.202410251130/tools/bin/../lib/gcc/arm-none-eabi/12.3.1/../../../../arm-none-eabi/lib/thumb/v7e-m+fp/hard\libc_nano.a(libc_a-strlen.o)
                0x08000370                strlen
 .text          0x08000380      0x378 C:/ST/STM32CubeIDE_1.17.0/STM32CubeIDE/plugins/com.st.stm32cube.ide.mcu.externaltools.gnu-tools-for-stm32.12.3.rel1.win32_1.1.0.202410251130/tools/bin/../lib/gcc/arm-none-eabi/12.3.1/thumb/v7e-m+fp/hard\libgcc.a(_arm_addsubdf3.o)
                0x08000380                __aeabi_drsub
                0x08000388                __aeabi_dsub
                0x08000388                __subdf3
                0x0800038c                __aeabi_dadd
                0x0800038c                __adddf3
                0x08000604                __floatunsidf
                0x08000604                __aeabi_ui2d
                0x08000624                __floatsidf
                0x08000624                __aeabi_i2d
                0x08000648                __aeabi_f2d
                0x08000648                __extendsfdf2
                0x0800068c                __floatundidf
                0x0800068c                __aeabi_ul2d
                0x0800069c                __floatdidf
                0x0800069c                __aeabi_l2d
 .text          0x080006f8      0x424 C:/ST/STM32CubeIDE_1.17.0/STM32CubeIDE/plugins/com.st.stm32cube.ide.mcu.externaltools.gnu-tools-for-stm32.12.3.rel1.win32_1.1.0.202410251130/tools/bin/../lib/gcc/arm-none-eabi/12.3.1/thumb/v7e-m+fp/hard\libgcc.a(_arm_muldivdf3.o)
                0x080006f8                __aeabi_dmul
                0x080006f8                __muldf3
                0x0800094c                __divdf3
                0x0800094c                __aeabi_ddiv
 .text          0x08000b1c      0x110 C:/ST/STM32CubeIDE_1.17.0/STM32CubeIDE/plugins/com.st.stm32cube.ide.mcu.externaltools.gnu-tools-for-stm32.12.3.rel1.win32_1.1.0.202410251130/tools/bin/../lib/gcc/arm-none-eabi/12.3.1/thumb/v7e-m+fp/hard\libgcc.a(_arm_cmpdf2.o)
                0x08000b1c                __gtdf2
                0x08000b1c                __gedf2
                0x08000b24                __ltdf2
                0x08000b24                __ledf2
                0x08000b2c                __nedf2
                0x08000b2c                __eqdf2
                0x08000b2c                __cmpdf2
                0x08000ba8                __aeabi_cdrcmple
                0x08000bb8                __aeabi_cdcmpeq
                0x08000bb8                __aeabi_cdcmple
                0x08000bc8                __aeabi_dcmpeq
                0x08000bdc                __aeabi_dcmplt
                0x08000bf0                __aeabi_dcmple
                0x08000c04                __aeabi_dcmpge
                0x08000c18                __aeabi_dcmpgt
 .text          0x08000c2c       0x2c C:/ST/STM32CubeIDE_1.17.0/STM32CubeIDE/plugins/com.st.stm32cube.ide.mcu.externaltools.gnu-tools-for-stm32.12.3.rel1.win32_1.1.0.202410251130/tools/bin/../lib/gcc/arm-none-eabi/12.3.1/thumb/v7e-m+fp/hard\libgcc.a(_arm_unorddf2.o)
                0x08000c2c                __unorddf2
                0x08000c2c                __aeabi_dcmpun
 .text          0x08000c58       0x50 C:/ST/STM32CubeIDE_1.17.0/STM32CubeIDE/plugins/com.st.stm32cube.ide.mcu.externaltools.gnu-tools-for-stm32.12.3.rel1.win32_1.1.0.202410251130/tools/bin/../lib/gcc/arm-none-eabi/12.3.1/thumb/v7e-m+fp/hard\libgcc.a(_arm_fixdfsi.o)
                0x08000c58                __aeabi_d2iz
                0x08000c58                __fixdfsi
 .text          0x08000ca8       0xa0 C:/ST/STM32CubeIDE_1.17.0/STM32CubeIDE/plugins/com.st.stm32cube.ide.mcu.externaltools.gnu-tools-for-stm32.12.3.rel1.win32_1.1.0.202410251130/tools/bin/../lib/gcc/arm-none-eabi/12.3.1/thumb/v7e-m+fp/hard\libgcc.a(_arm_truncdfsf2.o)
                0x08000ca8                __truncdfsf2
                0x08000ca8                __aeabi_d2f
 .text          0x08000d48       0x30 C:/ST/STM32CubeIDE_1.17.0/STM32CubeIDE/plugins/com.st.stm32cube.ide.mcu.externaltools.gnu-tools-for-stm32.12.3.rel1.win32_1.1.0.202410251130/tools/bin/../lib/gcc/arm-none-eabi/12.3.1/thumb/v7e-m+fp/hard\libgcc.a(_aeabi_uldivmod.o)
                0x08000d48                __aeabi_uldivmod
 .text          0x08000d78      0x2bc C:/ST/STM32CubeIDE_1.17.0/STM32CubeIDE/plugins/com.st.stm32cube.ide.mcu.externaltools.gnu-tools-for-stm32.12.3.rel1.win32_1.1.0.202410251130/tools/bin/../lib/gcc/arm-none-eabi/12.3.1/thumb/v7e-m+fp/hard\libgcc.a(_udivmoddi4.o)
                0x08000d78                __udivmoddi4
 .text          0x08001034        0x4 C:/ST/STM32CubeIDE_1.17.0/STM32CubeIDE/plugins/com.st.stm32cube.ide.mcu.externaltools.gnu-tools-for-stm32.12.3.rel1.win32_1.1.0.202410251130/tools/bin/../lib/gcc/arm-none-eabi/12.3.1/thumb/v7e-m+fp/hard\libgcc.a(_dvmd_tls.o)
                0x08001034                __aeabi_idiv0
                0x08001034                __aeabi_ldiv0
 *(.text*)
 .text.__io_putchar
                0x08001038       0x30 ./Core/Src/main.o
                0x08001038                __io_putchar
 .text.calculateFFT
                0x08001068      0xa6c ./Core/Src/main.o
                0x08001068                calculateFFT
 .text.FundamentalToNote
                0x08001ad4       0x88 ./Core/Src/main.o
                0x08001ad4                FundamentalToNote
 *fill*         0x08001b5c        0x4 
 .text.main     0x08001b60      0x2f4 ./Core/Src/main.o
                0x08001b60                main
 .text.SystemClock_Config
                0x08001e54       0xe4 ./Core/Src/main.o
                0x08001e54                SystemClock_Config
 .text.MX_ADC1_Init
                0x08001f38      0x130 ./Core/Src/main.o
 .text.MX_TIM2_Init
                0x08002068       0xe8 ./Core/Src/main.o
 .text.MX_USART2_UART_Init
                0x08002150       0x54 ./Core/Src/main.o
 .text.MX_USART3_UART_Init
                0x080021a4       0x54 ./Core/Src/main.o
 .text.MX_DMA_Init
                0x080021f8       0x6c ./Core/Src/main.o
 .text.MX_GPIO_Init
                0x08002264      0x12c ./Core/Src/main.o
 .text.HAL_ADC_ConvCpltCallback
                0x08002390      0x6e4 ./Core/Src/main.o
                0x08002390                HAL_ADC_ConvCpltCallback
 .text.HAL_ADC_ConvHalfCpltCallback
                0x08002a74      0x770 ./Core/Src/main.o
                0x08002a74                HAL_ADC_ConvHalfCpltCallback
 .text.Error_Handler
                0x080031e4        0xc ./Core/Src/main.o
                0x080031e4                Error_Handler
 .text.HAL_MspInit
                0x080031f0       0x50 ./Core/Src/stm32f4xx_hal_msp.o
                0x080031f0                HAL_MspInit
 .text.HAL_ADC_MspInit
                0x08003240      0x160 ./Core/Src/stm32f4xx_hal_msp.o
                0x08003240                HAL_ADC_MspInit
 .text.HAL_TIM_Base_MspInit
                0x080033a0       0x40 ./Core/Src/stm32f4xx_hal_msp.o
                0x080033a0                HAL_TIM_Base_MspInit
 .text.HAL_TIM_MspPostInit
                0x080033e0       0x70 ./Core/Src/stm32f4xx_hal_msp.o
                0x080033e0                HAL_TIM_MspPostInit
 .text.HAL_UART_MspInit
                0x08003450      0x180 ./Core/Src/stm32f4xx_hal_msp.o
                0x08003450                HAL_UART_MspInit
 .text.NMI_Handler
                0x080035d0        0x8 ./Core/Src/stm32f4xx_it.o
                0x080035d0                NMI_Handler
 .text.HardFault_Handler
                0x080035d8        0x8 ./Core/Src/stm32f4xx_it.o
                0x080035d8                HardFault_Handler
 .text.MemManage_Handler
                0x080035e0        0x8 ./Core/Src/stm32f4xx_it.o
                0x080035e0                MemManage_Handler
 .text.BusFault_Handler
                0x080035e8        0x8 ./Core/Src/stm32f4xx_it.o
                0x080035e8                BusFault_Handler
 .text.UsageFault_Handler
                0x080035f0        0x8 ./Core/Src/stm32f4xx_it.o
                0x080035f0                UsageFault_Handler
 .text.SVC_Handler
                0x080035f8        0xe ./Core/Src/stm32f4xx_it.o
                0x080035f8                SVC_Handler
 .text.DebugMon_Handler
                0x08003606        0xe ./Core/Src/stm32f4xx_it.o
                0x08003606                DebugMon_Handler
 .text.PendSV_Handler
                0x08003614        0xe ./Core/Src/stm32f4xx_it.o
                0x08003614                PendSV_Handler
 .text.SysTick_Handler
                0x08003622        0xc ./Core/Src/stm32f4xx_it.o
                0x08003622                SysTick_Handler
 *fill*         0x0800362e        0x2 
 .text.DMA1_Stream3_IRQHandler
                0x08003630       0x14 ./Core/Src/stm32f4xx_it.o
                0x08003630                DMA1_Stream3_IRQHandler
 .text.USART2_IRQHandler
                0x08003644       0x14 ./Core/Src/stm32f4xx_it.o
                0x08003644                USART2_IRQHandler
 .text.USART3_IRQHandler
                0x08003658       0x14 ./Core/Src/stm32f4xx_it.o
                0x08003658                USART3_IRQHandler
 .text.DMA2_Stream0_IRQHandler
                0x0800366c       0x14 ./Core/Src/stm32f4xx_it.o
                0x0800366c                DMA2_Stream0_IRQHandler
 .text._getpid  0x08003680       0x10 ./Core/Src/syscalls.o
                0x08003680                _getpid
 .text._kill    0x08003690       0x20 ./Core/Src/syscalls.o
                0x08003690                _kill
 .text._exit    0x080036b0       0x16 ./Core/Src/syscalls.o
                0x080036b0                _exit
 .text._read    0x080036c6       0x3a ./Core/Src/syscalls.o
                0x080036c6                _read
 .text._write   0x08003700       0x38 ./Core/Src/syscalls.o
                0x08003700                _write
 .text._close   0x08003738       0x18 ./Core/Src/syscalls.o
                0x08003738                _close
 .text._fstat   0x08003750       0x20 ./Core/Src/syscalls.o
                0x08003750                _fstat
 .text._isatty  0x08003770       0x16 ./Core/Src/syscalls.o
                0x08003770                _isatty
 .text._lseek   0x08003786       0x1a ./Core/Src/syscalls.o
                0x08003786                _lseek
 .text._sbrk    0x080037a0       0x6c ./Core/Src/sysmem.o
                0x080037a0                _sbrk
 .text.SystemInit
                0x0800380c       0x24 ./Core/Src/system_stm32f4xx.o
                0x0800380c                SystemInit
 .text.Reset_Handler
                0x08003830       0x50 ./Core/Startup/startup_stm32f446retx.o
                0x08003830                Reset_Handler
 .text.Default_Handler
                0x08003880        0x2 ./Core/Startup/startup_stm32f446retx.o
                0x08003880                RTC_Alarm_IRQHandler
                0x08003880                EXTI2_IRQHandler
                0x08003880                TIM8_CC_IRQHandler
                0x08003880                FMPI2C1_EV_IRQHandler
                0x08003880                SPI4_IRQHandler
                0x08003880                TIM1_CC_IRQHandler
                0x08003880                DMA2_Stream5_IRQHandler
                0x08003880                DMA1_Stream5_IRQHandler
                0x08003880                PVD_IRQHandler
                0x08003880                SDIO_IRQHandler
                0x08003880                TAMP_STAMP_IRQHandler
                0x08003880                CAN2_RX1_IRQHandler
                0x08003880                EXTI3_IRQHandler
                0x08003880                TIM8_TRG_COM_TIM14_IRQHandler
                0x08003880                TIM1_UP_TIM10_IRQHandler
                0x08003880                TIM8_UP_TIM13_IRQHandler
                0x08003880                I2C3_ER_IRQHandler
                0x08003880                EXTI0_IRQHandler
                0x08003880                I2C2_EV_IRQHandler
                0x08003880                DMA1_Stream2_IRQHandler
                0x08003880                CAN1_RX0_IRQHandler
                0x08003880                FPU_IRQHandler
                0x08003880                OTG_HS_WKUP_IRQHandler
                0x08003880                CAN2_SCE_IRQHandler
                0x08003880                DMA2_Stream2_IRQHandler
                0x08003880                SPI1_IRQHandler
                0x08003880                TIM6_DAC_IRQHandler
                0x08003880                TIM1_BRK_TIM9_IRQHandler
                0x08003880                DCMI_IRQHandler
                0x08003880                CAN2_RX0_IRQHandler
                0x08003880                DMA2_Stream3_IRQHandler
                0x08003880                SAI2_IRQHandler
                0x08003880                USART6_IRQHandler
                0x08003880                CAN1_RX1_IRQHandler
                0x08003880                UART5_IRQHandler
                0x08003880                TIM4_IRQHandler
                0x08003880                QUADSPI_IRQHandler
                0x08003880                I2C1_EV_IRQHandler
                0x08003880                DMA1_Stream6_IRQHandler
                0x08003880                DMA1_Stream1_IRQHandler
                0x08003880                UART4_IRQHandler
                0x08003880                TIM3_IRQHandler
                0x08003880                RCC_IRQHandler
                0x08003880                TIM8_BRK_TIM12_IRQHandler
                0x08003880                Default_Handler
                0x08003880                CEC_IRQHandler
                0x08003880                EXTI15_10_IRQHandler
                0x08003880                ADC_IRQHandler
                0x08003880                DMA1_Stream7_IRQHandler
                0x08003880                TIM7_IRQHandler
                0x08003880                CAN2_TX_IRQHandler
                0x08003880                TIM5_IRQHandler
                0x08003880                DMA2_Stream7_IRQHandler
                0x08003880                I2C3_EV_IRQHandler
                0x08003880                EXTI9_5_IRQHandler
                0x08003880                RTC_WKUP_IRQHandler
                0x08003880                SPDIF_RX_IRQHandler
                0x08003880                SPI2_IRQHandler
                0x08003880                OTG_HS_EP1_IN_IRQHandler
                0x08003880                DMA1_Stream0_IRQHandler
                0x08003880                CAN1_TX_IRQHandler
                0x08003880                FMPI2C1_ER_IRQHandler
                0x08003880                EXTI4_IRQHandler
                0x08003880                OTG_HS_EP1_OUT_IRQHandler
                0x08003880                WWDG_IRQHandler
                0x08003880                TIM2_IRQHandler
                0x08003880                OTG_FS_WKUP_IRQHandler
                0x08003880                TIM1_TRG_COM_TIM11_IRQHandler
                0x08003880                OTG_HS_IRQHandler
                0x08003880                EXTI1_IRQHandler
                0x08003880                I2C2_ER_IRQHandler
                0x08003880                DMA2_Stream1_IRQHandler
                0x08003880                CAN1_SCE_IRQHandler
                0x08003880                FLASH_IRQHandler
                0x08003880                DMA2_Stream4_IRQHandler
                0x08003880                USART1_IRQHandler
                0x08003880                OTG_FS_IRQHandler
                0x08003880                SPI3_IRQHandler
                0x08003880                DMA1_Stream4_IRQHandler
                0x08003880                I2C1_ER_IRQHandler
                0x08003880                FMC_IRQHandler
                0x08003880                DMA2_Stream6_IRQHandler
                0x08003880                SAI1_IRQHandler
 *fill*         0x08003882        0x2 
 .text.HAL_Init
                0x08003884       0x44 ./Drivers/STM32F4xx_HAL_Driver/Src/stm32f4xx_hal.o
                0x08003884                HAL_Init
 .text.HAL_InitTick
                0x080038c8       0x60 ./Drivers/STM32F4xx_HAL_Driver/Src/stm32f4xx_hal.o
                0x080038c8                HAL_InitTick
 .text.HAL_IncTick
                0x08003928       0x28 ./Drivers/STM32F4xx_HAL_Driver/Src/stm32f4xx_hal.o
                0x08003928                HAL_IncTick
 .text.HAL_GetTick
                0x08003950       0x18 ./Drivers/STM32F4xx_HAL_Driver/Src/stm32f4xx_hal.o
                0x08003950                HAL_GetTick
 .text.HAL_Delay
                0x08003968       0x48 ./Drivers/STM32F4xx_HAL_Driver/Src/stm32f4xx_hal.o
                0x08003968                HAL_Delay
 .text.HAL_ADC_Init
                0x080039b0       0x86 ./Drivers/STM32F4xx_HAL_Driver/Src/stm32f4xx_hal_adc.o
                0x080039b0                HAL_ADC_Init
 *fill*         0x08003a36        0x2 
 .text.HAL_ADC_Start_DMA
                0x08003a38      0x220 ./Drivers/STM32F4xx_HAL_Driver/Src/stm32f4xx_hal_adc.o
                0x08003a38                HAL_ADC_Start_DMA
 .text.HAL_ADC_ErrorCallback
                0x08003c58       0x14 ./Drivers/STM32F4xx_HAL_Driver/Src/stm32f4xx_hal_adc.o
                0x08003c58                HAL_ADC_ErrorCallback
 .text.HAL_ADC_ConfigChannel
                0x08003c6c      0x264 ./Drivers/STM32F4xx_HAL_Driver/Src/stm32f4xx_hal_adc.o
                0x08003c6c                HAL_ADC_ConfigChannel
 .text.ADC_Init
                0x08003ed0      0x1f8 ./Drivers/STM32F4xx_HAL_Driver/Src/stm32f4xx_hal_adc.o
 .text.ADC_DMAConvCplt
                0x080040c8       0xba ./Drivers/STM32F4xx_HAL_Driver/Src/stm32f4xx_hal_adc.o
 .text.ADC_DMAHalfConvCplt
                0x08004182       0x1c ./Drivers/STM32F4xx_HAL_Driver/Src/stm32f4xx_hal_adc.o
 .text.ADC_DMAError
                0x0800419e       0x2e ./Drivers/STM32F4xx_HAL_Driver/Src/stm32f4xx_hal_adc.o
 .text.__NVIC_SetPriorityGrouping
                0x080041cc       0x48 ./Drivers/STM32F4xx_HAL_Driver/Src/stm32f4xx_hal_cortex.o
 .text.__NVIC_GetPriorityGrouping
                0x08004214       0x1c ./Drivers/STM32F4xx_HAL_Driver/Src/stm32f4xx_hal_cortex.o
 .text.__NVIC_EnableIRQ
                0x08004230       0x3c ./Drivers/STM32F4xx_HAL_Driver/Src/stm32f4xx_hal_cortex.o
 .text.__NVIC_SetPriority
                0x0800426c       0x54 ./Drivers/STM32F4xx_HAL_Driver/Src/stm32f4xx_hal_cortex.o
 .text.NVIC_EncodePriority
                0x080042c0       0x66 ./Drivers/STM32F4xx_HAL_Driver/Src/stm32f4xx_hal_cortex.o
 *fill*         0x08004326        0x2 
 .text.SysTick_Config
                0x08004328       0x44 ./Drivers/STM32F4xx_HAL_Driver/Src/stm32f4xx_hal_cortex.o
 .text.HAL_NVIC_SetPriorityGrouping
                0x0800436c       0x16 ./Drivers/STM32F4xx_HAL_Driver/Src/stm32f4xx_hal_cortex.o
                0x0800436c                HAL_NVIC_SetPriorityGrouping
 .text.HAL_NVIC_SetPriority
                0x08004382       0x38 ./Drivers/STM32F4xx_HAL_Driver/Src/stm32f4xx_hal_cortex.o
                0x08004382                HAL_NVIC_SetPriority
 .text.HAL_NVIC_EnableIRQ
                0x080043ba       0x1c ./Drivers/STM32F4xx_HAL_Driver/Src/stm32f4xx_hal_cortex.o
                0x080043ba                HAL_NVIC_EnableIRQ
 .text.HAL_SYSTICK_Config
                0x080043d6       0x18 ./Drivers/STM32F4xx_HAL_Driver/Src/stm32f4xx_hal_cortex.o
                0x080043d6                HAL_SYSTICK_Config
 *fill*         0x080043ee        0x2 
 .text.HAL_DMA_Init
                0x080043f0      0x15c ./Drivers/STM32F4xx_HAL_Driver/Src/stm32f4xx_hal_dma.o
                0x080043f0                HAL_DMA_Init
 .text.HAL_DMA_Start_IT
                0x0800454c       0xb0 ./Drivers/STM32F4xx_HAL_Driver/Src/stm32f4xx_hal_dma.o
                0x0800454c                HAL_DMA_Start_IT
 .text.HAL_DMA_Abort
                0x080045fc       0xe0 ./Drivers/STM32F4xx_HAL_Driver/Src/stm32f4xx_hal_dma.o
                0x080045fc                HAL_DMA_Abort
 .text.HAL_DMA_Abort_IT
                0x080046dc       0x44 ./Drivers/STM32F4xx_HAL_Driver/Src/stm32f4xx_hal_dma.o
                0x080046dc                HAL_DMA_Abort_IT
 .text.HAL_DMA_IRQHandler
                0x08004720      0x314 ./Drivers/STM32F4xx_HAL_Driver/Src/stm32f4xx_hal_dma.o
                0x08004720                HAL_DMA_IRQHandler
 .text.DMA_SetConfig
                0x08004a34       0x5c ./Drivers/STM32F4xx_HAL_Driver/Src/stm32f4xx_hal_dma.o
 .text.DMA_CalcBaseAndBitshift
                0x08004a90       0x6c ./Drivers/STM32F4xx_HAL_Driver/Src/stm32f4xx_hal_dma.o
 .text.DMA_CheckFifoParam
                0x08004afc       0xf8 ./Drivers/STM32F4xx_HAL_Driver/Src/stm32f4xx_hal_dma.o
 .text.HAL_GPIO_Init
                0x08004bf4      0x328 ./Drivers/STM32F4xx_HAL_Driver/Src/stm32f4xx_hal_gpio.o
                0x08004bf4                HAL_GPIO_Init
 .text.HAL_GPIO_WritePin
                0x08004f1c       0x32 ./Drivers/STM32F4xx_HAL_Driver/Src/stm32f4xx_hal_gpio.o
                0x08004f1c                HAL_GPIO_WritePin
 .text.HAL_GPIO_TogglePin
                0x08004f4e       0x34 ./Drivers/STM32F4xx_HAL_Driver/Src/stm32f4xx_hal_gpio.o
                0x08004f4e                HAL_GPIO_TogglePin
 *fill*         0x08004f82        0x2 
 .text.HAL_PWREx_EnableOverDrive
                0x08004f84       0xa0 ./Drivers/STM32F4xx_HAL_Driver/Src/stm32f4xx_hal_pwr_ex.o
                0x08004f84                HAL_PWREx_EnableOverDrive
 .text.HAL_RCC_ClockConfig
                0x08005024      0x1cc ./Drivers/STM32F4xx_HAL_Driver/Src/stm32f4xx_hal_rcc.o
                0x08005024                HAL_RCC_ClockConfig
 .text.HAL_RCC_GetHCLKFreq
                0x080051f0       0x18 ./Drivers/STM32F4xx_HAL_Driver/Src/stm32f4xx_hal_rcc.o
                0x080051f0                HAL_RCC_GetHCLKFreq
 .text.HAL_RCC_GetPCLK1Freq
                0x08005208       0x28 ./Drivers/STM32F4xx_HAL_Driver/Src/stm32f4xx_hal_rcc.o
                0x08005208                HAL_RCC_GetPCLK1Freq
 .text.HAL_RCC_GetPCLK2Freq
                0x08005230       0x28 ./Drivers/STM32F4xx_HAL_Driver/Src/stm32f4xx_hal_rcc.o
                0x08005230                HAL_RCC_GetPCLK2Freq
 .text.HAL_RCC_GetSysClockFreq
                0x08005258      0x460 ./Drivers/STM32F4xx_HAL_Driver/Src/stm32f4xx_hal_rcc_ex.o
                0x08005258                HAL_RCC_GetSysClockFreq
 .text.HAL_RCC_OscConfig
                0x080056b8      0x53c ./Drivers/STM32F4xx_HAL_Driver/Src/stm32f4xx_hal_rcc_ex.o
                0x080056b8                HAL_RCC_OscConfig
 .text.HAL_TIM_Base_Init
                0x08005bf4       0x9e ./Drivers/STM32F4xx_HAL_Driver/Src/stm32f4xx_hal_tim.o
                0x08005bf4                HAL_TIM_Base_Init
 *fill*         0x08005c92        0x2 
 .text.HAL_TIM_Base_Start
                0x08005c94       0xd0 ./Drivers/STM32F4xx_HAL_Driver/Src/stm32f4xx_hal_tim.o
                0x08005c94                HAL_TIM_Base_Start
 .text.HAL_TIM_OC_Init
                0x08005d64       0x9e ./Drivers/STM32F4xx_HAL_Driver/Src/stm32f4xx_hal_tim.o
                0x08005d64                HAL_TIM_OC_Init
 .text.HAL_TIM_OC_MspInit
                0x08005e02       0x14 ./Drivers/STM32F4xx_HAL_Driver/Src/stm32f4xx_hal_tim.o
                0x08005e02                HAL_TIM_OC_MspInit
 *fill*         0x08005e16        0x2 
 .text.HAL_TIM_OC_Start
                0x08005e18      0x190 ./Drivers/STM32F4xx_HAL_Driver/Src/stm32f4xx_hal_tim.o
                0x08005e18                HAL_TIM_OC_Start
 .text.HAL_TIM_OC_ConfigChannel
                0x08005fa8       0xb8 ./Drivers/STM32F4xx_HAL_Driver/Src/stm32f4xx_hal_tim.o
                0x08005fa8                HAL_TIM_OC_ConfigChannel
 .text.HAL_TIM_ConfigClockSource
                0x08006060      0x18e ./Drivers/STM32F4xx_HAL_Driver/Src/stm32f4xx_hal_tim.o
                0x08006060                HAL_TIM_ConfigClockSource
 *fill*         0x080061ee        0x2 
 .text.TIM_Base_SetConfig
                0x080061f0      0x140 ./Drivers/STM32F4xx_HAL_Driver/Src/stm32f4xx_hal_tim.o
                0x080061f0                TIM_Base_SetConfig
 .text.TIM_OC1_SetConfig
                0x08006330       0xe0 ./Drivers/STM32F4xx_HAL_Driver/Src/stm32f4xx_hal_tim.o
 .text.TIM_OC2_SetConfig
                0x08006410       0xec ./Drivers/STM32F4xx_HAL_Driver/Src/stm32f4xx_hal_tim.o
                0x08006410                TIM_OC2_SetConfig
 .text.TIM_OC3_SetConfig
                0x080064fc       0xe8 ./Drivers/STM32F4xx_HAL_Driver/Src/stm32f4xx_hal_tim.o
 .text.TIM_OC4_SetConfig
                0x080065e4       0xac ./Drivers/STM32F4xx_HAL_Driver/Src/stm32f4xx_hal_tim.o
 .text.TIM_TI1_ConfigInputStage
                0x08006690       0x5e ./Drivers/STM32F4xx_HAL_Driver/Src/stm32f4xx_hal_tim.o
 .text.TIM_TI2_ConfigInputStage
                0x080066ee       0x60 ./Drivers/STM32F4xx_HAL_Driver/Src/stm32f4xx_hal_tim.o
 .text.TIM_ITRx_SetConfig
                0x0800674e       0x36 ./Drivers/STM32F4xx_HAL_Driver/Src/stm32f4xx_hal_tim.o
 .text.TIM_ETR_SetConfig
                0x08006784       0x40 ./Drivers/STM32F4xx_HAL_Driver/Src/stm32f4xx_hal_tim.o
                0x08006784                TIM_ETR_SetConfig
 .text.TIM_CCxChannelCmd
                0x080067c4       0x4a ./Drivers/STM32F4xx_HAL_Driver/Src/stm32f4xx_hal_tim.o
                0x080067c4                TIM_CCxChannelCmd
 *fill*         0x0800680e        0x2 
 .text.HAL_TIMEx_MasterConfigSynchronization
                0x08006810       0xf8 ./Drivers/STM32F4xx_HAL_Driver/Src/stm32f4xx_hal_tim_ex.o
                0x08006810                HAL_TIMEx_MasterConfigSynchronization
 .text.HAL_UART_Init
                0x08006908       0x9a ./Drivers/STM32F4xx_HAL_Driver/Src/stm32f4xx_hal_uart.o
                0x08006908                HAL_UART_Init
 .text.HAL_UART_Transmit
                0x080069a2      0x124 ./Drivers/STM32F4xx_HAL_Driver/Src/stm32f4xx_hal_uart.o
                0x080069a2                HAL_UART_Transmit
 *fill*         0x08006ac6        0x2 
 .text.HAL_UART_Transmit_DMA
                0x08006ac8       0xfc ./Drivers/STM32F4xx_HAL_Driver/Src/stm32f4xx_hal_uart.o
                0x08006ac8                HAL_UART_Transmit_DMA
 .text.HAL_UART_IRQHandler
                0x08006bc4      0x51c ./Drivers/STM32F4xx_HAL_Driver/Src/stm32f4xx_hal_uart.o
                0x08006bc4                HAL_UART_IRQHandler
 .text.HAL_UART_TxCpltCallback
                0x080070e0       0x14 ./Drivers/STM32F4xx_HAL_Driver/Src/stm32f4xx_hal_uart.o
                0x080070e0                HAL_UART_TxCpltCallback
 .text.HAL_UART_TxHalfCpltCallback
                0x080070f4       0x14 ./Drivers/STM32F4xx_HAL_Driver/Src/stm32f4xx_hal_uart.o
                0x080070f4                HAL_UART_TxHalfCpltCallback
 .text.HAL_UART_RxCpltCallback
                0x08007108       0x14 ./Drivers/STM32F4xx_HAL_Driver/Src/stm32f4xx_hal_uart.o
                0x08007108                HAL_UART_RxCpltCallback
 .text.HAL_UART_ErrorCallback
                0x0800711c       0x14 ./Drivers/STM32F4xx_HAL_Driver/Src/stm32f4xx_hal_uart.o
                0x0800711c                HAL_UART_ErrorCallback
 .text.HAL_UARTEx_RxEventCallback
                0x08007130       0x18 ./Drivers/STM32F4xx_HAL_Driver/Src/stm32f4xx_hal_uart.o
                0x08007130                HAL_UARTEx_RxEventCallback
 .text.UART_DMATransmitCplt
                0x08007148       0x9a ./Drivers/STM32F4xx_HAL_Driver/Src/stm32f4xx_hal_uart.o
 .text.UART_DMATxHalfCplt
                0x080071e2       0x1c ./Drivers/STM32F4xx_HAL_Driver/Src/stm32f4xx_hal_uart.o
 .text.UART_DMAError
                0x080071fe       0x94 ./Drivers/STM32F4xx_HAL_Driver/Src/stm32f4xx_hal_uart.o
 .text.UART_WaitOnFlagUntilTimeout
                0x08007292       0xdc ./Drivers/STM32F4xx_HAL_Driver/Src/stm32f4xx_hal_uart.o
 .text.UART_EndTxTransfer
                0x0800736e       0x50 ./Drivers/STM32F4xx_HAL_Driver/Src/stm32f4xx_hal_uart.o
 .text.UART_EndRxTransfer
                0x080073be       0xc6 ./Drivers/STM32F4xx_HAL_Driver/Src/stm32f4xx_hal_uart.o
 .text.UART_DMAAbortOnError
                0x08007484       0x28 ./Drivers/STM32F4xx_HAL_Driver/Src/stm32f4xx_hal_uart.o
 .text.UART_Transmit_IT
                0x080074ac       0xa0 ./Drivers/STM32F4xx_HAL_Driver/Src/stm32f4xx_hal_uart.o
 .text.UART_EndTransmit_IT
                0x0800754c       0x30 ./Drivers/STM32F4xx_HAL_Driver/Src/stm32f4xx_hal_uart.o
 .text.UART_Receive_IT
                0x0800757c      0x176 ./Drivers/STM32F4xx_HAL_Driver/Src/stm32f4xx_hal_uart.o
 *fill*         0x080076f2        0x2 
 .text.UART_SetConfig
                0x080076f4      0x4e8 ./Drivers/STM32F4xx_HAL_Driver/Src/stm32f4xx_hal_uart.o
 .text.arm_min_f32
                0x08007bdc       0xd0 C:\Users\lukas\STM32CubeIDE\workspace_1.17.0\Gitara_float_fft\Lib\libarm_cortexM4lf_math.a(arm_min_f32.o)
                0x08007bdc                arm_min_f32
 .text.arm_mean_f32
                0x08007cac       0x68 C:\Users\lukas\STM32CubeIDE\workspace_1.17.0\Gitara_float_fft\Lib\libarm_cortexM4lf_math.a(arm_mean_f32.o)
                0x08007cac                arm_mean_f32
 .text.arm_max_f32
                0x08007d14       0xd0 C:\Users\lukas\STM32CubeIDE\workspace_1.17.0\Gitara_float_fft\Lib\libarm_cortexM4lf_math.a(arm_max_f32.o)
                0x08007d14                arm_max_f32
 .text.arm_rfft_fast_init_f32
                0x08007de4      0x108 C:\Users\lukas\STM32CubeIDE\workspace_1.17.0\Gitara_float_fft\Lib\libarm_cortexM4lf_math.a(arm_rfft_fast_init_f32.o)
                0x08007de4                arm_rfft_fast_init_f32
 .text.arm_rfft_fast_f32
                0x08007eec      0x188 C:\Users\lukas\STM32CubeIDE\workspace_1.17.0\Gitara_float_fft\Lib\libarm_cortexM4lf_math.a(arm_rfft_fast_f32.o)
                0x08007eec                arm_rfft_fast_f32
 .text.arm_cfft_radix8by2_f32
                0x08008074      0x1a4 C:\Users\lukas\STM32CubeIDE\workspace_1.17.0\Gitara_float_fft\Lib\libarm_cortexM4lf_math.a(arm_cfft_f32.o)
                0x08008074                arm_cfft_radix8by2_f32
 .text.arm_cfft_radix8by4_f32
                0x08008218      0x4bc C:\Users\lukas\STM32CubeIDE\workspace_1.17.0\Gitara_float_fft\Lib\libarm_cortexM4lf_math.a(arm_cfft_f32.o)
                0x08008218                arm_cfft_radix8by4_f32
 .text.arm_cfft_f32
                0x080086d4       0xf4 C:\Users\lukas\STM32CubeIDE\workspace_1.17.0\Gitara_float_fft\Lib\libarm_cortexM4lf_math.a(arm_cfft_f32.o)
                0x080086d4                arm_cfft_f32
 .text.arm_fir_init_f32
                0x080087c8       0x24 C:\Users\lukas\STM32CubeIDE\workspace_1.17.0\Gitara_float_fft\Lib\libarm_cortexM4lf_math.a(arm_fir_init_f32.o)
                0x080087c8                arm_fir_init_f32
 .text.arm_fir_f32
                0x080087ec      0x4c8 C:\Users\lukas\STM32CubeIDE\workspace_1.17.0\Gitara_float_fft\Lib\libarm_cortexM4lf_math.a(arm_fir_f32.o)
                0x080087ec                arm_fir_f32
 .text.arm_offset_f32
                0x08008cb4       0x6c C:\Users\lukas\STM32CubeIDE\workspace_1.17.0\Gitara_float_fft\Lib\libarm_cortexM4lf_math.a(arm_offset_f32.o)
                0x08008cb4                arm_offset_f32
 .text.arm_mult_f32
                0x08008d20       0x8c C:\Users\lukas\STM32CubeIDE\workspace_1.17.0\Gitara_float_fft\Lib\libarm_cortexM4lf_math.a(arm_mult_f32.o)
                0x08008d20                arm_mult_f32
 .text.arm_radix8_butterfly_f32
                0x08008dac      0x5c4 C:\Users\lukas\STM32CubeIDE\workspace_1.17.0\Gitara_float_fft\Lib\libarm_cortexM4lf_math.a(arm_cfft_radix8_f32.o)
                0x08008dac                arm_radix8_butterfly_f32
 .text.__cvt    0x08009370       0xca C:/ST/STM32CubeIDE_1.17.0/STM32CubeIDE/plugins/com.st.stm32cube.ide.mcu.externaltools.gnu-tools-for-stm32.12.3.rel1.win32_1.1.0.202410251130/tools/bin/../lib/gcc/arm-none-eabi/12.3.1/../../../../arm-none-eabi/lib/thumb/v7e-m+fp/hard\libc_nano.a(libc_a-nano-vfprintf_float.o)
                0x08009370                __cvt
 .text.__exponent
                0x0800943a       0x74 C:/ST/STM32CubeIDE_1.17.0/STM32CubeIDE/plugins/com.st.stm32cube.ide.mcu.externaltools.gnu-tools-for-stm32.12.3.rel1.win32_1.1.0.202410251130/tools/bin/../lib/gcc/arm-none-eabi/12.3.1/../../../../arm-none-eabi/lib/thumb/v7e-m+fp/hard\libc_nano.a(libc_a-nano-vfprintf_float.o)
                0x0800943a                __exponent
 *fill*         0x080094ae        0x2 
 .text._printf_float
                0x080094b0      0x454 C:/ST/STM32CubeIDE_1.17.0/STM32CubeIDE/plugins/com.st.stm32cube.ide.mcu.externaltools.gnu-tools-for-stm32.12.3.rel1.win32_1.1.0.202410251130/tools/bin/../lib/gcc/arm-none-eabi/12.3.1/../../../../arm-none-eabi/lib/thumb/v7e-m+fp/hard\libc_nano.a(libc_a-nano-vfprintf_float.o)
                0x080094b0                _printf_float
 .text._printf_common
                0x08009904       0xda C:/ST/STM32CubeIDE_1.17.0/STM32CubeIDE/plugins/com.st.stm32cube.ide.mcu.externaltools.gnu-tools-for-stm32.12.3.rel1.win32_1.1.0.202410251130/tools/bin/../lib/gcc/arm-none-eabi/12.3.1/../../../../arm-none-eabi/lib/thumb/v7e-m+fp/hard\libc_nano.a(libc_a-nano-vfprintf_i.o)
                0x08009904                _printf_common
 *fill*         0x080099de        0x2 
 .text._printf_i
                0x080099e0      0x240 C:/ST/STM32CubeIDE_1.17.0/STM32CubeIDE/plugins/com.st.stm32cube.ide.mcu.externaltools.gnu-tools-for-stm32.12.3.rel1.win32_1.1.0.202410251130/tools/bin/../lib/gcc/arm-none-eabi/12.3.1/../../../../arm-none-eabi/lib/thumb/v7e-m+fp/hard\libc_nano.a(libc_a-nano-vfprintf_i.o)
                0x080099e0                _printf_i
 .text.std      0x08009c20       0x6c C:/ST/STM32CubeIDE_1.17.0/STM32CubeIDE/plugins/com.st.stm32cube.ide.mcu.externaltools.gnu-tools-for-stm32.12.3.rel1.win32_1.1.0.202410251130/tools/bin/../lib/gcc/arm-none-eabi/12.3.1/../../../../arm-none-eabi/lib/thumb/v7e-m+fp/hard\libc_nano.a(libc_a-findfp.o)
 .text.stdio_exit_handler
                0x08009c8c       0x18 C:/ST/STM32CubeIDE_1.17.0/STM32CubeIDE/plugins/com.st.stm32cube.ide.mcu.externaltools.gnu-tools-for-stm32.12.3.rel1.win32_1.1.0.202410251130/tools/bin/../lib/gcc/arm-none-eabi/12.3.1/../../../../arm-none-eabi/lib/thumb/v7e-m+fp/hard\libc_nano.a(libc_a-findfp.o)
 .text.cleanup_stdio
                0x08009ca4       0x40 C:/ST/STM32CubeIDE_1.17.0/STM32CubeIDE/plugins/com.st.stm32cube.ide.mcu.externaltools.gnu-tools-for-stm32.12.3.rel1.win32_1.1.0.202410251130/tools/bin/../lib/gcc/arm-none-eabi/12.3.1/../../../../arm-none-eabi/lib/thumb/v7e-m+fp/hard\libc_nano.a(libc_a-findfp.o)
 .text.global_stdio_init.part.0
                0x08009ce4       0x3c C:/ST/STM32CubeIDE_1.17.0/STM32CubeIDE/plugins/com.st.stm32cube.ide.mcu.externaltools.gnu-tools-for-stm32.12.3.rel1.win32_1.1.0.202410251130/tools/bin/../lib/gcc/arm-none-eabi/12.3.1/../../../../arm-none-eabi/lib/thumb/v7e-m+fp/hard\libc_nano.a(libc_a-findfp.o)
 .text.__sfp_lock_acquire
                0x08009d20        0xc C:/ST/STM32CubeIDE_1.17.0/STM32CubeIDE/plugins/com.st.stm32cube.ide.mcu.externaltools.gnu-tools-for-stm32.12.3.rel1.win32_1.1.0.202410251130/tools/bin/../lib/gcc/arm-none-eabi/12.3.1/../../../../arm-none-eabi/lib/thumb/v7e-m+fp/hard\libc_nano.a(libc_a-findfp.o)
                0x08009d20                __sfp_lock_acquire
 .text.__sfp_lock_release
                0x08009d2c        0xc C:/ST/STM32CubeIDE_1.17.0/STM32CubeIDE/plugins/com.st.stm32cube.ide.mcu.externaltools.gnu-tools-for-stm32.12.3.rel1.win32_1.1.0.202410251130/tools/bin/../lib/gcc/arm-none-eabi/12.3.1/../../../../arm-none-eabi/lib/thumb/v7e-m+fp/hard\libc_nano.a(libc_a-findfp.o)
                0x08009d2c                __sfp_lock_release
 .text.__sinit  0x08009d38       0x30 C:/ST/STM32CubeIDE_1.17.0/STM32CubeIDE/plugins/com.st.stm32cube.ide.mcu.externaltools.gnu-tools-for-stm32.12.3.rel1.win32_1.1.0.202410251130/tools/bin/../lib/gcc/arm-none-eabi/12.3.1/../../../../arm-none-eabi/lib/thumb/v7e-m+fp/hard\libc_nano.a(libc_a-findfp.o)
                0x08009d38                __sinit
 .text._fwalk_sglue
                0x08009d68       0x3c C:/ST/STM32CubeIDE_1.17.0/STM32CubeIDE/plugins/com.st.stm32cube.ide.mcu.externaltools.gnu-tools-for-stm32.12.3.rel1.win32_1.1.0.202410251130/tools/bin/../lib/gcc/arm-none-eabi/12.3.1/../../../../arm-none-eabi/lib/thumb/v7e-m+fp/hard\libc_nano.a(libc_a-fwalk.o)
                0x08009d68                _fwalk_sglue
 .text.__sread  0x08009da4       0x22 C:/ST/STM32CubeIDE_1.17.0/STM32CubeIDE/plugins/com.st.stm32cube.ide.mcu.externaltools.gnu-tools-for-stm32.12.3.rel1.win32_1.1.0.202410251130/tools/bin/../lib/gcc/arm-none-eabi/12.3.1/../../../../arm-none-eabi/lib/thumb/v7e-m+fp/hard\libc_nano.a(libc_a-stdio.o)
                0x08009da4                __sread
 .text.__swrite
                0x08009dc6       0x38 C:/ST/STM32CubeIDE_1.17.0/STM32CubeIDE/plugins/com.st.stm32cube.ide.mcu.externaltools.gnu-tools-for-stm32.12.3.rel1.win32_1.1.0.202410251130/tools/bin/../lib/gcc/arm-none-eabi/12.3.1/../../../../arm-none-eabi/lib/thumb/v7e-m+fp/hard\libc_nano.a(libc_a-stdio.o)
                0x08009dc6                __swrite
 .text.__sseek  0x08009dfe       0x24 C:/ST/STM32CubeIDE_1.17.0/STM32CubeIDE/plugins/com.st.stm32cube.ide.mcu.externaltools.gnu-tools-for-stm32.12.3.rel1.win32_1.1.0.202410251130/tools/bin/../lib/gcc/arm-none-eabi/12.3.1/../../../../arm-none-eabi/lib/thumb/v7e-m+fp/hard\libc_nano.a(libc_a-stdio.o)
                0x08009dfe                __sseek
 .text.__sclose
                0x08009e22        0x8 C:/ST/STM32CubeIDE_1.17.0/STM32CubeIDE/plugins/com.st.stm32cube.ide.mcu.externaltools.gnu-tools-for-stm32.12.3.rel1.win32_1.1.0.202410251130/tools/bin/../lib/gcc/arm-none-eabi/12.3.1/../../../../arm-none-eabi/lib/thumb/v7e-m+fp/hard\libc_nano.a(libc_a-stdio.o)
                0x08009e22                __sclose
 .text.memset   0x08009e2a       0x10 C:/ST/STM32CubeIDE_1.17.0/STM32CubeIDE/plugins/com.st.stm32cube.ide.mcu.externaltools.gnu-tools-for-stm32.12.3.rel1.win32_1.1.0.202410251130/tools/bin/../lib/gcc/arm-none-eabi/12.3.1/../../../../arm-none-eabi/lib/thumb/v7e-m+fp/hard\libc_nano.a(libc_a-memset.o)
                0x08009e2a                memset
 *fill*         0x08009e3a        0x2 
 .text._localeconv_r
                0x08009e3c        0x8 C:/ST/STM32CubeIDE_1.17.0/STM32CubeIDE/plugins/com.st.stm32cube.ide.mcu.externaltools.gnu-tools-for-stm32.12.3.rel1.win32_1.1.0.202410251130/tools/bin/../lib/gcc/arm-none-eabi/12.3.1/../../../../arm-none-eabi/lib/thumb/v7e-m+fp/hard\libc_nano.a(libc_a-localeconv.o)
                0x08009e3c                _localeconv_r
 .text._close_r
                0x08009e44       0x20 C:/ST/STM32CubeIDE_1.17.0/STM32CubeIDE/plugins/com.st.stm32cube.ide.mcu.externaltools.gnu-tools-for-stm32.12.3.rel1.win32_1.1.0.202410251130/tools/bin/../lib/gcc/arm-none-eabi/12.3.1/../../../../arm-none-eabi/lib/thumb/v7e-m+fp/hard\libc_nano.a(libc_a-closer.o)
                0x08009e44                _close_r
 .text._lseek_r
                0x08009e64       0x24 C:/ST/STM32CubeIDE_1.17.0/STM32CubeIDE/plugins/com.st.stm32cube.ide.mcu.externaltools.gnu-tools-for-stm32.12.3.rel1.win32_1.1.0.202410251130/tools/bin/../lib/gcc/arm-none-eabi/12.3.1/../../../../arm-none-eabi/lib/thumb/v7e-m+fp/hard\libc_nano.a(libc_a-lseekr.o)
                0x08009e64                _lseek_r
 .text._read_r  0x08009e88       0x24 C:/ST/STM32CubeIDE_1.17.0/STM32CubeIDE/plugins/com.st.stm32cube.ide.mcu.externaltools.gnu-tools-for-stm32.12.3.rel1.win32_1.1.0.202410251130/tools/bin/../lib/gcc/arm-none-eabi/12.3.1/../../../../arm-none-eabi/lib/thumb/v7e-m+fp/hard\libc_nano.a(libc_a-readr.o)
                0x08009e88                _read_r
 .text._write_r
                0x08009eac       0x24 C:/ST/STM32CubeIDE_1.17.0/STM32CubeIDE/plugins/com.st.stm32cube.ide.mcu.externaltools.gnu-tools-for-stm32.12.3.rel1.win32_1.1.0.202410251130/tools/bin/../lib/gcc/arm-none-eabi/12.3.1/../../../../arm-none-eabi/lib/thumb/v7e-m+fp/hard\libc_nano.a(libc_a-writer.o)
                0x08009eac                _write_r
 .text.__errno  0x08009ed0        0xc C:/ST/STM32CubeIDE_1.17.0/STM32CubeIDE/plugins/com.st.stm32cube.ide.mcu.externaltools.gnu-tools-for-stm32.12.3.rel1.win32_1.1.0.202410251130/tools/bin/../lib/gcc/arm-none-eabi/12.3.1/../../../../arm-none-eabi/lib/thumb/v7e-m+fp/hard\libc_nano.a(libc_a-errno.o)
                0x08009ed0                __errno
 .text.__libc_init_array
                0x08009edc       0x48 C:/ST/STM32CubeIDE_1.17.0/STM32CubeIDE/plugins/com.st.stm32cube.ide.mcu.externaltools.gnu-tools-for-stm32.12.3.rel1.win32_1.1.0.202410251130/tools/bin/../lib/gcc/arm-none-eabi/12.3.1/../../../../arm-none-eabi/lib/thumb/v7e-m+fp/hard\libc_nano.a(libc_a-init.o)
                0x08009edc                __libc_init_array
 .text.__retarget_lock_init_recursive
                0x08009f24        0x2 C:/ST/STM32CubeIDE_1.17.0/STM32CubeIDE/plugins/com.st.stm32cube.ide.mcu.externaltools.gnu-tools-for-stm32.12.3.rel1.win32_1.1.0.202410251130/tools/bin/../lib/gcc/arm-none-eabi/12.3.1/../../../../arm-none-eabi/lib/thumb/v7e-m+fp/hard\libc_nano.a(libc_a-lock.o)
                0x08009f24                __retarget_lock_init_recursive
 .text.__retarget_lock_acquire_recursive
                0x08009f26        0x2 C:/ST/STM32CubeIDE_1.17.0/STM32CubeIDE/plugins/com.st.stm32cube.ide.mcu.externaltools.gnu-tools-for-stm32.12.3.rel1.win32_1.1.0.202410251130/tools/bin/../lib/gcc/arm-none-eabi/12.3.1/../../../../arm-none-eabi/lib/thumb/v7e-m+fp/hard\libc_nano.a(libc_a-lock.o)
                0x08009f26                __retarget_lock_acquire_recursive
 .text.__retarget_lock_release_recursive
                0x08009f28        0x2 C:/ST/STM32CubeIDE_1.17.0/STM32CubeIDE/plugins/com.st.stm32cube.ide.mcu.externaltools.gnu-tools-for-stm32.12.3.rel1.win32_1.1.0.202410251130/tools/bin/../lib/gcc/arm-none-eabi/12.3.1/../../../../arm-none-eabi/lib/thumb/v7e-m+fp/hard\libc_nano.a(libc_a-lock.o)
                0x08009f28                __retarget_lock_release_recursive
 .text.quorem   0x08009f2a      0x110 C:/ST/STM32CubeIDE_1.17.0/STM32CubeIDE/plugins/com.st.stm32cube.ide.mcu.externaltools.gnu-tools-for-stm32.12.3.rel1.win32_1.1.0.202410251130/tools/bin/../lib/gcc/arm-none-eabi/12.3.1/../../../../arm-none-eabi/lib/thumb/v7e-m+fp/hard\libc_nano.a(libc_a-dtoa.o)
 *fill*         0x0800a03a        0x6 
 .text._dtoa_r  0x0800a040      0xb88 C:/ST/STM32CubeIDE_1.17.0/STM32CubeIDE/plugins/com.st.stm32cube.ide.mcu.externaltools.gnu-tools-for-stm32.12.3.rel1.win32_1.1.0.202410251130/tools/bin/../lib/gcc/arm-none-eabi/12.3.1/../../../../arm-none-eabi/lib/thumb/v7e-m+fp/hard\libc_nano.a(libc_a-dtoa.o)
                0x0800a040                _dtoa_r
 .text._free_r  0x0800abc8       0x94 C:/ST/STM32CubeIDE_1.17.0/STM32CubeIDE/plugins/com.st.stm32cube.ide.mcu.externaltools.gnu-tools-for-stm32.12.3.rel1.win32_1.1.0.202410251130/tools/bin/../lib/gcc/arm-none-eabi/12.3.1/../../../../arm-none-eabi/lib/thumb/v7e-m+fp/hard\libc_nano.a(libc_a-freer.o)
                0x0800abc8                _free_r
 .text.malloc   0x0800ac5c       0x10 C:/ST/STM32CubeIDE_1.17.0/STM32CubeIDE/plugins/com.st.stm32cube.ide.mcu.externaltools.gnu-tools-for-stm32.12.3.rel1.win32_1.1.0.202410251130/tools/bin/../lib/gcc/arm-none-eabi/12.3.1/../../../../arm-none-eabi/lib/thumb/v7e-m+fp/hard\libc_nano.a(libc_a-malloc.o)
                0x0800ac5c                malloc
 .text.sbrk_aligned
                0x0800ac6c       0x44 C:/ST/STM32CubeIDE_1.17.0/STM32CubeIDE/plugins/com.st.stm32cube.ide.mcu.externaltools.gnu-tools-for-stm32.12.3.rel1.win32_1.1.0.202410251130/tools/bin/../lib/gcc/arm-none-eabi/12.3.1/../../../../arm-none-eabi/lib/thumb/v7e-m+fp/hard\libc_nano.a(libc_a-mallocr.o)
 .text._malloc_r
                0x0800acb0      0x100 C:/ST/STM32CubeIDE_1.17.0/STM32CubeIDE/plugins/com.st.stm32cube.ide.mcu.externaltools.gnu-tools-for-stm32.12.3.rel1.win32_1.1.0.202410251130/tools/bin/../lib/gcc/arm-none-eabi/12.3.1/../../../../arm-none-eabi/lib/thumb/v7e-m+fp/hard\libc_nano.a(libc_a-mallocr.o)
                0x0800acb0                _malloc_r
 .text.__malloc_lock
                0x0800adb0        0xc C:/ST/STM32CubeIDE_1.17.0/STM32CubeIDE/plugins/com.st.stm32cube.ide.mcu.externaltools.gnu-tools-for-stm32.12.3.rel1.win32_1.1.0.202410251130/tools/bin/../lib/gcc/arm-none-eabi/12.3.1/../../../../arm-none-eabi/lib/thumb/v7e-m+fp/hard\libc_nano.a(libc_a-mlock.o)
                0x0800adb0                __malloc_lock
 .text.__malloc_unlock
                0x0800adbc        0xc C:/ST/STM32CubeIDE_1.17.0/STM32CubeIDE/plugins/com.st.stm32cube.ide.mcu.externaltools.gnu-tools-for-stm32.12.3.rel1.win32_1.1.0.202410251130/tools/bin/../lib/gcc/arm-none-eabi/12.3.1/../../../../arm-none-eabi/lib/thumb/v7e-m+fp/hard\libc_nano.a(libc_a-mlock.o)
                0x0800adbc                __malloc_unlock
 .text._Balloc  0x0800adc8       0x80 C:/ST/STM32CubeIDE_1.17.0/STM32CubeIDE/plugins/com.st.stm32cube.ide.mcu.externaltools.gnu-tools-for-stm32.12.3.rel1.win32_1.1.0.202410251130/tools/bin/../lib/gcc/arm-none-eabi/12.3.1/../../../../arm-none-eabi/lib/thumb/v7e-m+fp/hard\libc_nano.a(libc_a-mprec.o)
                0x0800adc8                _Balloc
 .text._Bfree   0x0800ae48       0x44 C:/ST/STM32CubeIDE_1.17.0/STM32CubeIDE/plugins/com.st.stm32cube.ide.mcu.externaltools.gnu-tools-for-stm32.12.3.rel1.win32_1.1.0.202410251130/tools/bin/../lib/gcc/arm-none-eabi/12.3.1/../../../../arm-none-eabi/lib/thumb/v7e-m+fp/hard\libc_nano.a(libc_a-mprec.o)
                0x0800ae48                _Bfree
 .text.__multadd
                0x0800ae8c       0x8c C:/ST/STM32CubeIDE_1.17.0/STM32CubeIDE/plugins/com.st.stm32cube.ide.mcu.externaltools.gnu-tools-for-stm32.12.3.rel1.win32_1.1.0.202410251130/tools/bin/../lib/gcc/arm-none-eabi/12.3.1/../../../../arm-none-eabi/lib/thumb/v7e-m+fp/hard\libc_nano.a(libc_a-mprec.o)
                0x0800ae8c                __multadd
 .text.__hi0bits
                0x0800af18       0x3e C:/ST/STM32CubeIDE_1.17.0/STM32CubeIDE/plugins/com.st.stm32cube.ide.mcu.externaltools.gnu-tools-for-stm32.12.3.rel1.win32_1.1.0.202410251130/tools/bin/../lib/gcc/arm-none-eabi/12.3.1/../../../../arm-none-eabi/lib/thumb/v7e-m+fp/hard\libc_nano.a(libc_a-mprec.o)
                0x0800af18                __hi0bits
 .text.__lo0bits
                0x0800af56       0x5a C:/ST/STM32CubeIDE_1.17.0/STM32CubeIDE/plugins/com.st.stm32cube.ide.mcu.externaltools.gnu-tools-for-stm32.12.3.rel1.win32_1.1.0.202410251130/tools/bin/../lib/gcc/arm-none-eabi/12.3.1/../../../../arm-none-eabi/lib/thumb/v7e-m+fp/hard\libc_nano.a(libc_a-mprec.o)
                0x0800af56                __lo0bits
 .text.__i2b    0x0800afb0       0x2c C:/ST/STM32CubeIDE_1.17.0/STM32CubeIDE/plugins/com.st.stm32cube.ide.mcu.externaltools.gnu-tools-for-stm32.12.3.rel1.win32_1.1.0.202410251130/tools/bin/../lib/gcc/arm-none-eabi/12.3.1/../../../../arm-none-eabi/lib/thumb/v7e-m+fp/hard\libc_nano.a(libc_a-mprec.o)
                0x0800afb0                __i2b
 .text.__multiply
                0x0800afdc      0x154 C:/ST/STM32CubeIDE_1.17.0/STM32CubeIDE/plugins/com.st.stm32cube.ide.mcu.externaltools.gnu-tools-for-stm32.12.3.rel1.win32_1.1.0.202410251130/tools/bin/../lib/gcc/arm-none-eabi/12.3.1/../../../../arm-none-eabi/lib/thumb/v7e-m+fp/hard\libc_nano.a(libc_a-mprec.o)
                0x0800afdc                __multiply
 .text.__pow5mult
                0x0800b130       0xb4 C:/ST/STM32CubeIDE_1.17.0/STM32CubeIDE/plugins/com.st.stm32cube.ide.mcu.externaltools.gnu-tools-for-stm32.12.3.rel1.win32_1.1.0.202410251130/tools/bin/../lib/gcc/arm-none-eabi/12.3.1/../../../../arm-none-eabi/lib/thumb/v7e-m+fp/hard\libc_nano.a(libc_a-mprec.o)
                0x0800b130                __pow5mult
 .text.__lshift
                0x0800b1e4       0xd8 C:/ST/STM32CubeIDE_1.17.0/STM32CubeIDE/plugins/com.st.stm32cube.ide.mcu.externaltools.gnu-tools-for-stm32.12.3.rel1.win32_1.1.0.202410251130/tools/bin/../lib/gcc/arm-none-eabi/12.3.1/../../../../arm-none-eabi/lib/thumb/v7e-m+fp/hard\libc_nano.a(libc_a-mprec.o)
                0x0800b1e4                __lshift
 .text.__mcmp   0x0800b2bc       0x36 C:/ST/STM32CubeIDE_1.17.0/STM32CubeIDE/plugins/com.st.stm32cube.ide.mcu.externaltools.gnu-tools-for-stm32.12.3.rel1.win32_1.1.0.202410251130/tools/bin/../lib/gcc/arm-none-eabi/12.3.1/../../../../arm-none-eabi/lib/thumb/v7e-m+fp/hard\libc_nano.a(libc_a-mprec.o)
                0x0800b2bc                __mcmp
 *fill*         0x0800b2f2        0x2 
 .text.__mdiff  0x0800b2f4      0x128 C:/ST/STM32CubeIDE_1.17.0/STM32CubeIDE/plugins/com.st.stm32cube.ide.mcu.externaltools.gnu-tools-for-stm32.12.3.rel1.win32_1.1.0.202410251130/tools/bin/../lib/gcc/arm-none-eabi/12.3.1/../../../../arm-none-eabi/lib/thumb/v7e-m+fp/hard\libc_nano.a(libc_a-mprec.o)
                0x0800b2f4                __mdiff
 .text.__d2b    0x0800b41c       0xb0 C:/ST/STM32CubeIDE_1.17.0/STM32CubeIDE/plugins/com.st.stm32cube.ide.mcu.externaltools.gnu-tools-for-stm32.12.3.rel1.win32_1.1.0.202410251130/tools/bin/../lib/gcc/arm-none-eabi/12.3.1/../../../../arm-none-eabi/lib/thumb/v7e-m+fp/hard\libc_nano.a(libc_a-mprec.o)
                0x0800b41c                __d2b
 .text.__sflush_r
                0x0800b4cc      0x108 C:/ST/STM32CubeIDE_1.17.0/STM32CubeIDE/plugins/com.st.stm32cube.ide.mcu.externaltools.gnu-tools-for-stm32.12.3.rel1.win32_1.1.0.202410251130/tools/bin/../lib/gcc/arm-none-eabi/12.3.1/../../../../arm-none-eabi/lib/thumb/v7e-m+fp/hard\libc_nano.a(libc_a-fflush.o)
                0x0800b4cc                __sflush_r
 .text._fflush_r
                0x0800b5d4       0x50 C:/ST/STM32CubeIDE_1.17.0/STM32CubeIDE/plugins/com.st.stm32cube.ide.mcu.externaltools.gnu-tools-for-stm32.12.3.rel1.win32_1.1.0.202410251130/tools/bin/../lib/gcc/arm-none-eabi/12.3.1/../../../../arm-none-eabi/lib/thumb/v7e-m+fp/hard\libc_nano.a(libc_a-fflush.o)
                0x0800b5d4                _fflush_r
 .text._sbrk_r  0x0800b624       0x20 C:/ST/STM32CubeIDE_1.17.0/STM32CubeIDE/plugins/com.st.stm32cube.ide.mcu.externaltools.gnu-tools-for-stm32.12.3.rel1.win32_1.1.0.202410251130/tools/bin/../lib/gcc/arm-none-eabi/12.3.1/../../../../arm-none-eabi/lib/thumb/v7e-m+fp/hard\libc_nano.a(libc_a-sbrkr.o)
                0x0800b624                _sbrk_r
 .text.memcpy   0x0800b644       0x1c C:/ST/STM32CubeIDE_1.17.0/STM32CubeIDE/plugins/com.st.stm32cube.ide.mcu.externaltools.gnu-tools-for-stm32.12.3.rel1.win32_1.1.0.202410251130/tools/bin/../lib/gcc/arm-none-eabi/12.3.1/../../../../arm-none-eabi/lib/thumb/v7e-m+fp/hard\libc_nano.a(libc_a-memcpy-stub.o)
                0x0800b644                memcpy
 .text.__assert_func
                0x0800b660       0x3c C:/ST/STM32CubeIDE_1.17.0/STM32CubeIDE/plugins/com.st.stm32cube.ide.mcu.externaltools.gnu-tools-for-stm32.12.3.rel1.win32_1.1.0.202410251130/tools/bin/../lib/gcc/arm-none-eabi/12.3.1/../../../../arm-none-eabi/lib/thumb/v7e-m+fp/hard\libc_nano.a(libc_a-assert.o)
                0x0800b660                __assert_func
 .text._calloc_r
                0x0800b69c       0x28 C:/ST/STM32CubeIDE_1.17.0/STM32CubeIDE/plugins/com.st.stm32cube.ide.mcu.externaltools.gnu-tools-for-stm32.12.3.rel1.win32_1.1.0.202410251130/tools/bin/../lib/gcc/arm-none-eabi/12.3.1/../../../../arm-none-eabi/lib/thumb/v7e-m+fp/hard\libc_nano.a(libc_a-callocr.o)
                0x0800b69c                _calloc_r
 .text.__ascii_mbtowc
                0x0800b6c4       0x24 C:/ST/STM32CubeIDE_1.17.0/STM32CubeIDE/plugins/com.st.stm32cube.ide.mcu.externaltools.gnu-tools-for-stm32.12.3.rel1.win32_1.1.0.202410251130/tools/bin/../lib/gcc/arm-none-eabi/12.3.1/../../../../arm-none-eabi/lib/thumb/v7e-m+fp/hard\libc_nano.a(libc_a-mbtowc_r.o)
                0x0800b6c4                __ascii_mbtowc
 .text.__ascii_wctomb
                0x0800b6e8       0x1a C:/ST/STM32CubeIDE_1.17.0/STM32CubeIDE/plugins/com.st.stm32cube.ide.mcu.externaltools.gnu-tools-for-stm32.12.3.rel1.win32_1.1.0.202410251130/tools/bin/../lib/gcc/arm-none-eabi/12.3.1/../../../../arm-none-eabi/lib/thumb/v7e-m+fp/hard\libc_nano.a(libc_a-wctomb_r.o)
                0x0800b6e8                __ascii_wctomb
 *fill*         0x0800b702        0x2 
 .text.fprintf  0x0800b704       0x24 C:/ST/STM32CubeIDE_1.17.0/STM32CubeIDE/plugins/com.st.stm32cube.ide.mcu.externaltools.gnu-tools-for-stm32.12.3.rel1.win32_1.1.0.202410251130/tools/bin/../lib/gcc/arm-none-eabi/12.3.1/../../../../arm-none-eabi/lib/thumb/v7e-m+fp/hard\libc_nano.a(libc_a-fprintf.o)
                0x0800b704                fiprintf
                0x0800b704                fprintf
 .text.abort    0x0800b728        0xe C:/ST/STM32CubeIDE_1.17.0/STM32CubeIDE/plugins/com.st.stm32cube.ide.mcu.externaltools.gnu-tools-for-stm32.12.3.rel1.win32_1.1.0.202410251130/tools/bin/../lib/gcc/arm-none-eabi/12.3.1/../../../../arm-none-eabi/lib/thumb/v7e-m+fp/hard\libc_nano.a(libc_a-abort.o)
                0x0800b728                abort
 .text.__sfputc_r
                0x0800b736       0x2e C:/ST/STM32CubeIDE_1.17.0/STM32CubeIDE/plugins/com.st.stm32cube.ide.mcu.externaltools.gnu-tools-for-stm32.12.3.rel1.win32_1.1.0.202410251130/tools/bin/../lib/gcc/arm-none-eabi/12.3.1/../../../../arm-none-eabi/lib/thumb/v7e-m+fp/hard\libc_nano.a(libc_a-nano-vfprintf.o)
 .text.__sfputs_r
                0x0800b764       0x24 C:/ST/STM32CubeIDE_1.17.0/STM32CubeIDE/plugins/com.st.stm32cube.ide.mcu.externaltools.gnu-tools-for-stm32.12.3.rel1.win32_1.1.0.202410251130/tools/bin/../lib/gcc/arm-none-eabi/12.3.1/../../../../arm-none-eabi/lib/thumb/v7e-m+fp/hard\libc_nano.a(libc_a-nano-vfprintf.o)
                0x0800b764                __sfputs_r
 .text._vfprintf_r
                0x0800b788      0x230 C:/ST/STM32CubeIDE_1.17.0/STM32CubeIDE/plugins/com.st.stm32cube.ide.mcu.externaltools.gnu-tools-for-stm32.12.3.rel1.win32_1.1.0.202410251130/tools/bin/../lib/gcc/arm-none-eabi/12.3.1/../../../../arm-none-eabi/lib/thumb/v7e-m+fp/hard\libc_nano.a(libc_a-nano-vfprintf.o)
                0x0800b788                _vfprintf_r
                0x0800b788                _vfiprintf_r
 .text.__swbuf_r
                0x0800b9b8       0x7c C:/ST/STM32CubeIDE_1.17.0/STM32CubeIDE/plugins/com.st.stm32cube.ide.mcu.externaltools.gnu-tools-for-stm32.12.3.rel1.win32_1.1.0.202410251130/tools/bin/../lib/gcc/arm-none-eabi/12.3.1/../../../../arm-none-eabi/lib/thumb/v7e-m+fp/hard\libc_nano.a(libc_a-wbuf.o)
                0x0800b9b8                __swbuf_r
 .text.__swsetup_r
                0x0800ba34       0xac C:/ST/STM32CubeIDE_1.17.0/STM32CubeIDE/plugins/com.st.stm32cube.ide.mcu.externaltools.gnu-tools-for-stm32.12.3.rel1.win32_1.1.0.202410251130/tools/bin/../lib/gcc/arm-none-eabi/12.3.1/../../../../arm-none-eabi/lib/thumb/v7e-m+fp/hard\libc_nano.a(libc_a-wsetup.o)
                0x0800ba34                __swsetup_r
 .text._raise_r
                0x0800bae0       0x50 C:/ST/STM32CubeIDE_1.17.0/STM32CubeIDE/plugins/com.st.stm32cube.ide.mcu.externaltools.gnu-tools-for-stm32.12.3.rel1.win32_1.1.0.202410251130/tools/bin/../lib/gcc/arm-none-eabi/12.3.1/../../../../arm-none-eabi/lib/thumb/v7e-m+fp/hard\libc_nano.a(libc_a-signal.o)
                0x0800bae0                _raise_r
 .text.raise    0x0800bb30       0x10 C:/ST/STM32CubeIDE_1.17.0/STM32CubeIDE/plugins/com.st.stm32cube.ide.mcu.externaltools.gnu-tools-for-stm32.12.3.rel1.win32_1.1.0.202410251130/tools/bin/../lib/gcc/arm-none-eabi/12.3.1/../../../../arm-none-eabi/lib/thumb/v7e-m+fp/hard\libc_nano.a(libc_a-signal.o)
                0x0800bb30                raise
 .text._kill_r  0x0800bb40       0x24 C:/ST/STM32CubeIDE_1.17.0/STM32CubeIDE/plugins/com.st.stm32cube.ide.mcu.externaltools.gnu-tools-for-stm32.12.3.rel1.win32_1.1.0.202410251130/tools/bin/../lib/gcc/arm-none-eabi/12.3.1/../../../../arm-none-eabi/lib/thumb/v7e-m+fp/hard\libc_nano.a(libc_a-signalr.o)
                0x0800bb40                _kill_r
 .text._getpid_r
                0x0800bb64        0x4 C:/ST/STM32CubeIDE_1.17.0/STM32CubeIDE/plugins/com.st.stm32cube.ide.mcu.externaltools.gnu-tools-for-stm32.12.3.rel1.win32_1.1.0.202410251130/tools/bin/../lib/gcc/arm-none-eabi/12.3.1/../../../../arm-none-eabi/lib/thumb/v7e-m+fp/hard\libc_nano.a(libc_a-signalr.o)
                0x0800bb64                _getpid_r
 .text.__swhatbuf_r
                0x0800bb68       0x4c C:/ST/STM32CubeIDE_1.17.0/STM32CubeIDE/plugins/com.st.stm32cube.ide.mcu.externaltools.gnu-tools-for-stm32.12.3.rel1.win32_1.1.0.202410251130/tools/bin/../lib/gcc/arm-none-eabi/12.3.1/../../../../arm-none-eabi/lib/thumb/v7e-m+fp/hard\libc_nano.a(libc_a-makebuf.o)
                0x0800bb68                __swhatbuf_r
 .text.__smakebuf_r
                0x0800bbb4       0x78 C:/ST/STM32CubeIDE_1.17.0/STM32CubeIDE/plugins/com.st.stm32cube.ide.mcu.externaltools.gnu-tools-for-stm32.12.3.rel1.win32_1.1.0.202410251130/tools/bin/../lib/gcc/arm-none-eabi/12.3.1/../../../../arm-none-eabi/lib/thumb/v7e-m+fp/hard\libc_nano.a(libc_a-makebuf.o)
                0x0800bbb4                __smakebuf_r
 .text._fstat_r
                0x0800bc2c       0x24 C:/ST/STM32CubeIDE_1.17.0/STM32CubeIDE/plugins/com.st.stm32cube.ide.mcu.externaltools.gnu-tools-for-stm32.12.3.rel1.win32_1.1.0.202410251130/tools/bin/../lib/gcc/arm-none-eabi/12.3.1/../../../../arm-none-eabi/lib/thumb/v7e-m+fp/hard\libc_nano.a(libc_a-fstatr.o)
                0x0800bc2c                _fstat_r
 .text._isatty_r
                0x0800bc50       0x20 C:/ST/STM32CubeIDE_1.17.0/STM32CubeIDE/plugins/com.st.stm32cube.ide.mcu.externaltools.gnu-tools-for-stm32.12.3.rel1.win32_1.1.0.202410251130/tools/bin/../lib/gcc/arm-none-eabi/12.3.1/../../../../arm-none-eabi/lib/thumb/v7e-m+fp/hard\libc_nano.a(libc_a-isattyr.o)
                0x0800bc50                _isatty_r
 .text.cos      0x0800bc70       0xa8 C:/ST/STM32CubeIDE_1.17.0/STM32CubeIDE/plugins/com.st.stm32cube.ide.mcu.externaltools.gnu-tools-for-stm32.12.3.rel1.win32_1.1.0.202410251130/tools/bin/../lib/gcc/arm-none-eabi/12.3.1/../../../../arm-none-eabi/lib/thumb/v7e-m+fp/hard\libm.a(libm_a-s_cos.o)
                0x0800bc70                cos
 .text.sqrtf    0x0800bd18       0x3c C:/ST/STM32CubeIDE_1.17.0/STM32CubeIDE/plugins/com.st.stm32cube.ide.mcu.externaltools.gnu-tools-for-stm32.12.3.rel1.win32_1.1.0.202410251130/tools/bin/../lib/gcc/arm-none-eabi/12.3.1/../../../../arm-none-eabi/lib/thumb/v7e-m+fp/hard\libm.a(libm_a-wf_sqrt.o)
                0x0800bd18                sqrtf
 .text.__ieee754_sqrtf
                0x0800bd54        0x6 C:/ST/STM32CubeIDE_1.17.0/STM32CubeIDE/plugins/com.st.stm32cube.ide.mcu.externaltools.gnu-tools-for-stm32.12.3.rel1.win32_1.1.0.202410251130/tools/bin/../lib/gcc/arm-none-eabi/12.3.1/../../../../arm-none-eabi/lib/thumb/v7e-m+fp/hard\libm.a(libm_a-ef_sqrt.o)
                0x0800bd54                __ieee754_sqrtf
 *fill*         0x0800bd5a        0x6 
 .text.__kernel_cos
                0x0800bd60      0x18c C:/ST/STM32CubeIDE_1.17.0/STM32CubeIDE/plugins/com.st.stm32cube.ide.mcu.externaltools.gnu-tools-for-stm32.12.3.rel1.win32_1.1.0.202410251130/tools/bin/../lib/gcc/arm-none-eabi/12.3.1/../../../../arm-none-eabi/lib/thumb/v7e-m+fp/hard\libm.a(libm_a-k_cos.o)
                0x0800bd60                __kernel_cos
 *fill*         0x0800beec        0x4 
 .text.__kernel_sin
                0x0800bef0      0x174 C:/ST/STM32CubeIDE_1.17.0/STM32CubeIDE/plugins/com.st.stm32cube.ide.mcu.externaltools.gnu-tools-for-stm32.12.3.rel1.win32_1.1.0.202410251130/tools/bin/../lib/gcc/arm-none-eabi/12.3.1/../../../../arm-none-eabi/lib/thumb/v7e-m+fp/hard\libm.a(libm_a-k_sin.o)
                0x0800bef0                __kernel_sin
 *fill*         0x0800c064        0x4 
 .text.__ieee754_rem_pio2
                0x0800c068      0x3f8 C:/ST/STM32CubeIDE_1.17.0/STM32CubeIDE/plugins/com.st.stm32cube.ide.mcu.externaltools.gnu-tools-for-stm32.12.3.rel1.win32_1.1.0.202410251130/tools/bin/../lib/gcc/arm-none-eabi/12.3.1/../../../../arm-none-eabi/lib/thumb/v7e-m+fp/hard\libm.a(libm_a-e_rem_pio2.o)
                0x0800c068                __ieee754_rem_pio2
 .text.fabs     0x0800c460       0x10 C:/ST/STM32CubeIDE_1.17.0/STM32CubeIDE/plugins/com.st.stm32cube.ide.mcu.externaltools.gnu-tools-for-stm32.12.3.rel1.win32_1.1.0.202410251130/tools/bin/../lib/gcc/arm-none-eabi/12.3.1/../../../../arm-none-eabi/lib/thumb/v7e-m+fp/hard\libm.a(libm_a-s_fabs.o)
                0x0800c460                fabs
 .text.__kernel_rem_pio2
                0x0800c470      0x6b0 C:/ST/STM32CubeIDE_1.17.0/STM32CubeIDE/plugins/com.st.stm32cube.ide.mcu.externaltools.gnu-tools-for-stm32.12.3.rel1.win32_1.1.0.202410251130/tools/bin/../lib/gcc/arm-none-eabi/12.3.1/../../../../arm-none-eabi/lib/thumb/v7e-m+fp/hard\libm.a(libm_a-k_rem_pio2.o)
                0x0800c470                __kernel_rem_pio2
 .text.scalbn   0x0800cb20       0xfc C:/ST/STM32CubeIDE_1.17.0/STM32CubeIDE/plugins/com.st.stm32cube.ide.mcu.externaltools.gnu-tools-for-stm32.12.3.rel1.win32_1.1.0.202410251130/tools/bin/../lib/gcc/arm-none-eabi/12.3.1/../../../../arm-none-eabi/lib/thumb/v7e-m+fp/hard\libm.a(libm_a-s_scalbn.o)
                0x0800cb20                scalbn
 *fill*         0x0800cc1c        0x4 
 .text.floor    0x0800cc20       0xf8 C:/ST/STM32CubeIDE_1.17.0/STM32CubeIDE/plugins/com.st.stm32cube.ide.mcu.externaltools.gnu-tools-for-stm32.12.3.rel1.win32_1.1.0.202410251130/tools/bin/../lib/gcc/arm-none-eabi/12.3.1/../../../../arm-none-eabi/lib/thumb/v7e-m+fp/hard\libm.a(libm_a-s_floor.o)
                0x0800cc20                floor
 *(.glue_7)
 .glue_7        0x0800cd18        0x0 linker stubs
 *(.glue_7t)
 .glue_7t       0x0800cd18        0x0 linker stubs
 *(.eh_frame)
 .eh_frame      0x0800cd18        0x0 C:/ST/STM32CubeIDE_1.17.0/STM32CubeIDE/plugins/com.st.stm32cube.ide.mcu.externaltools.gnu-tools-for-stm32.12.3.rel1.win32_1.1.0.202410251130/tools/bin/../lib/gcc/arm-none-eabi/12.3.1/thumb/v7e-m+fp/hard/crtbegin.o
 *(.init)
 .init          0x0800cd18        0x4 C:/ST/STM32CubeIDE_1.17.0/STM32CubeIDE/plugins/com.st.stm32cube.ide.mcu.externaltools.gnu-tools-for-stm32.12.3.rel1.win32_1.1.0.202410251130/tools/bin/../lib/gcc/arm-none-eabi/12.3.1/thumb/v7e-m+fp/hard/crti.o
                0x0800cd18                _init
 .init          0x0800cd1c        0x8 C:/ST/STM32CubeIDE_1.17.0/STM32CubeIDE/plugins/com.st.stm32cube.ide.mcu.externaltools.gnu-tools-for-stm32.12.3.rel1.win32_1.1.0.202410251130/tools/bin/../lib/gcc/arm-none-eabi/12.3.1/thumb/v7e-m+fp/hard/crtn.o
 *(.fini)
 .fini          0x0800cd24        0x4 C:/ST/STM32CubeIDE_1.17.0/STM32CubeIDE/plugins/com.st.stm32cube.ide.mcu.externaltools.gnu-tools-for-stm32.12.3.rel1.win32_1.1.0.202410251130/tools/bin/../lib/gcc/arm-none-eabi/12.3.1/thumb/v7e-m+fp/hard/crti.o
                0x0800cd24                _fini
 .fini          0x0800cd28        0x8 C:/ST/STM32CubeIDE_1.17.0/STM32CubeIDE/plugins/com.st.stm32cube.ide.mcu.externaltools.gnu-tools-for-stm32.12.3.rel1.win32_1.1.0.202410251130/tools/bin/../lib/gcc/arm-none-eabi/12.3.1/thumb/v7e-m+fp/hard/crtn.o
                0x0800cd30                        . = ALIGN (0x4)
                0x0800cd30                        _etext = .

.vfp11_veneer   0x0800cd30        0x0
 .vfp11_veneer  0x0800cd30        0x0 linker stubs

.v4_bx          0x0800cd30        0x0
 .v4_bx         0x0800cd30        0x0 linker stubs

.iplt           0x0800cd30        0x0
 .iplt          0x0800cd30        0x0 C:/ST/STM32CubeIDE_1.17.0/STM32CubeIDE/plugins/com.st.stm32cube.ide.mcu.externaltools.gnu-tools-for-stm32.12.3.rel1.win32_1.1.0.202410251130/tools/bin/../lib/gcc/arm-none-eabi/12.3.1/thumb/v7e-m+fp/hard/crtbegin.o

.rodata         0x0800cd30    0x139c0
                0x0800cd30                        . = ALIGN (0x4)
 *(.rodata)
 *(.rodata*)
 .rodata.AHBPrescTable
                0x0800cd30       0x10 ./Core/Src/system_stm32f4xx.o
                0x0800cd30                AHBPrescTable
 .rodata.APBPrescTable
                0x0800cd40        0x8 ./Core/Src/system_stm32f4xx.o
                0x0800cd40                APBPrescTable
 .rodata.flagBitshiftOffset.0
                0x0800cd48        0x8 ./Drivers/STM32F4xx_HAL_Driver/Src/stm32f4xx_hal_dma.o
 .rodata.twiddleCoef_2048
                0x0800cd50     0x4000 C:\Users\lukas\STM32CubeIDE\workspace_1.17.0\Gitara_float_fft\Lib\libarm_cortexM4lf_math.a(arm_common_tables.o)
                0x0800cd50                twiddleCoef_2048
 .rodata.twiddleCoef_rfft_64
                0x08010d50      0x100 C:\Users\lukas\STM32CubeIDE\workspace_1.17.0\Gitara_float_fft\Lib\libarm_cortexM4lf_math.a(arm_common_tables.o)
                0x08010d50                twiddleCoef_rfft_64
 .rodata.armBitRevIndexTable64
                0x08010e50       0x70 C:\Users\lukas\STM32CubeIDE\workspace_1.17.0\Gitara_float_fft\Lib\libarm_cortexM4lf_math.a(arm_common_tables.o)
                0x08010e50                armBitRevIndexTable64
 .rodata.twiddleCoef_rfft_2048
                0x08010ec0     0x2000 C:\Users\lukas\STM32CubeIDE\workspace_1.17.0\Gitara_float_fft\Lib\libarm_cortexM4lf_math.a(arm_common_tables.o)
                0x08010ec0                twiddleCoef_rfft_2048
 .rodata.twiddleCoef_rfft_4096
                0x08012ec0     0x4000 C:\Users\lukas\STM32CubeIDE\workspace_1.17.0\Gitara_float_fft\Lib\libarm_cortexM4lf_math.a(arm_common_tables.o)
                0x08012ec0                twiddleCoef_rfft_4096
 .rodata.twiddleCoef_256
                0x08016ec0      0x800 C:\Users\lukas\STM32CubeIDE\workspace_1.17.0\Gitara_float_fft\Lib\libarm_cortexM4lf_math.a(arm_common_tables.o)
                0x08016ec0                twiddleCoef_256
 .rodata.twiddleCoef_16
                0x080176c0       0x80 C:\Users\lukas\STM32CubeIDE\workspace_1.17.0\Gitara_float_fft\Lib\libarm_cortexM4lf_math.a(arm_common_tables.o)
                0x080176c0                twiddleCoef_16
 .rodata.twiddleCoef_1024
                0x08017740     0x2000 C:\Users\lukas\STM32CubeIDE\workspace_1.17.0\Gitara_float_fft\Lib\libarm_cortexM4lf_math.a(arm_common_tables.o)
                0x08017740                twiddleCoef_1024
 .rodata.twiddleCoef_32
                0x08019740      0x100 C:\Users\lukas\STM32CubeIDE\workspace_1.17.0\Gitara_float_fft\Lib\libarm_cortexM4lf_math.a(arm_common_tables.o)
                0x08019740                twiddleCoef_32
 .rodata.armBitRevIndexTable1024
                0x08019840      0xe10 C:\Users\lukas\STM32CubeIDE\workspace_1.17.0\Gitara_float_fft\Lib\libarm_cortexM4lf_math.a(arm_common_tables.o)
                0x08019840                armBitRevIndexTable1024
 .rodata.armBitRevIndexTable16
                0x0801a650       0x28 C:\Users\lukas\STM32CubeIDE\workspace_1.17.0\Gitara_float_fft\Lib\libarm_cortexM4lf_math.a(arm_common_tables.o)
                0x0801a650                armBitRevIndexTable16
 .rodata.twiddleCoef_rfft_32
                0x0801a678       0x80 C:\Users\lukas\STM32CubeIDE\workspace_1.17.0\Gitara_float_fft\Lib\libarm_cortexM4lf_math.a(arm_common_tables.o)
                0x0801a678                twiddleCoef_rfft_32
 .rodata.armBitRevIndexTable32
                0x0801a6f8       0x60 C:\Users\lukas\STM32CubeIDE\workspace_1.17.0\Gitara_float_fft\Lib\libarm_cortexM4lf_math.a(arm_common_tables.o)
                0x0801a6f8                armBitRevIndexTable32
 .rodata.twiddleCoef_128
                0x0801a758      0x400 C:\Users\lukas\STM32CubeIDE\workspace_1.17.0\Gitara_float_fft\Lib\libarm_cortexM4lf_math.a(arm_common_tables.o)
                0x0801a758                twiddleCoef_128
 .rodata.twiddleCoef_512
                0x0801ab58     0x1000 C:\Users\lukas\STM32CubeIDE\workspace_1.17.0\Gitara_float_fft\Lib\libarm_cortexM4lf_math.a(arm_common_tables.o)
                0x0801ab58                twiddleCoef_512
 .rodata.armBitRevIndexTable2048
                0x0801bb58     0x1dc0 C:\Users\lukas\STM32CubeIDE\workspace_1.17.0\Gitara_float_fft\Lib\libarm_cortexM4lf_math.a(arm_common_tables.o)
                0x0801bb58                armBitRevIndexTable2048
 .rodata.twiddleCoef_64
                0x0801d918      0x200 C:\Users\lukas\STM32CubeIDE\workspace_1.17.0\Gitara_float_fft\Lib\libarm_cortexM4lf_math.a(arm_common_tables.o)
                0x0801d918                twiddleCoef_64
 .rodata.twiddleCoef_rfft_512
                0x0801db18      0x800 C:\Users\lukas\STM32CubeIDE\workspace_1.17.0\Gitara_float_fft\Lib\libarm_cortexM4lf_math.a(arm_common_tables.o)
                0x0801db18                twiddleCoef_rfft_512
 .rodata.armBitRevIndexTable512
                0x0801e318      0x380 C:\Users\lukas\STM32CubeIDE\workspace_1.17.0\Gitara_float_fft\Lib\libarm_cortexM4lf_math.a(arm_common_tables.o)
                0x0801e318                armBitRevIndexTable512
 .rodata.twiddleCoef_rfft_1024
                0x0801e698     0x1000 C:\Users\lukas\STM32CubeIDE\workspace_1.17.0\Gitara_float_fft\Lib\libarm_cortexM4lf_math.a(arm_common_tables.o)
                0x0801e698                twiddleCoef_rfft_1024
 .rodata.twiddleCoef_rfft_256
                0x0801f698      0x400 C:\Users\lukas\STM32CubeIDE\workspace_1.17.0\Gitara_float_fft\Lib\libarm_cortexM4lf_math.a(arm_common_tables.o)
                0x0801f698                twiddleCoef_rfft_256
 .rodata.armBitRevIndexTable256
                0x0801fa98      0x370 C:\Users\lukas\STM32CubeIDE\workspace_1.17.0\Gitara_float_fft\Lib\libarm_cortexM4lf_math.a(arm_common_tables.o)
                0x0801fa98                armBitRevIndexTable256
 .rodata.twiddleCoef_rfft_128
                0x0801fe08      0x200 C:\Users\lukas\STM32CubeIDE\workspace_1.17.0\Gitara_float_fft\Lib\libarm_cortexM4lf_math.a(arm_common_tables.o)
                0x0801fe08                twiddleCoef_rfft_128
 .rodata.armBitRevIndexTable128
                0x08020008      0x1a0 C:\Users\lukas\STM32CubeIDE\workspace_1.17.0\Gitara_float_fft\Lib\libarm_cortexM4lf_math.a(arm_common_tables.o)
                0x08020008                armBitRevIndexTable128
 .rodata._printf_float.str1.1
                0x080201a8       0x12 C:/ST/STM32CubeIDE_1.17.0/STM32CubeIDE/plugins/com.st.stm32cube.ide.mcu.externaltools.gnu-tools-for-stm32.12.3.rel1.win32_1.1.0.202410251130/tools/bin/../lib/gcc/arm-none-eabi/12.3.1/../../../../arm-none-eabi/lib/thumb/v7e-m+fp/hard\libc_nano.a(libc_a-nano-vfprintf_float.o)
 .rodata._printf_i.str1.1
                0x080201ba       0x22 C:/ST/STM32CubeIDE_1.17.0/STM32CubeIDE/plugins/com.st.stm32cube.ide.mcu.externaltools.gnu-tools-for-stm32.12.3.rel1.win32_1.1.0.202410251130/tools/bin/../lib/gcc/arm-none-eabi/12.3.1/../../../../arm-none-eabi/lib/thumb/v7e-m+fp/hard\libc_nano.a(libc_a-nano-vfprintf_i.o)
 .rodata._dtoa_r.str1.1
                0x080201dc       0x8d C:/ST/STM32CubeIDE_1.17.0/STM32CubeIDE/plugins/com.st.stm32cube.ide.mcu.externaltools.gnu-tools-for-stm32.12.3.rel1.win32_1.1.0.202410251130/tools/bin/../lib/gcc/arm-none-eabi/12.3.1/../../../../arm-none-eabi/lib/thumb/v7e-m+fp/hard\libc_nano.a(libc_a-dtoa.o)
                                 0x8f (size before relaxing)
 .rodata._Balloc.str1.1
                0x08020269       0x59 C:/ST/STM32CubeIDE_1.17.0/STM32CubeIDE/plugins/com.st.stm32cube.ide.mcu.externaltools.gnu-tools-for-stm32.12.3.rel1.win32_1.1.0.202410251130/tools/bin/../lib/gcc/arm-none-eabi/12.3.1/../../../../arm-none-eabi/lib/thumb/v7e-m+fp/hard\libc_nano.a(libc_a-mprec.o)
                                 0x70 (size before relaxing)
 .rodata.__multadd.str1.1
                0x080202c2       0x11 C:/ST/STM32CubeIDE_1.17.0/STM32CubeIDE/plugins/com.st.stm32cube.ide.mcu.externaltools.gnu-tools-for-stm32.12.3.rel1.win32_1.1.0.202410251130/tools/bin/../lib/gcc/arm-none-eabi/12.3.1/../../../../arm-none-eabi/lib/thumb/v7e-m+fp/hard\libc_nano.a(libc_a-mprec.o)
 *fill*         0x080202c2        0x2 
 .rodata.p05.0  0x080202c4        0xc C:/ST/STM32CubeIDE_1.17.0/STM32CubeIDE/plugins/com.st.stm32cube.ide.mcu.externaltools.gnu-tools-for-stm32.12.3.rel1.win32_1.1.0.202410251130/tools/bin/../lib/gcc/arm-none-eabi/12.3.1/../../../../arm-none-eabi/lib/thumb/v7e-m+fp/hard\libc_nano.a(libc_a-mprec.o)
 .rodata.__mprec_bigtens
                0x080202d0       0x28 C:/ST/STM32CubeIDE_1.17.0/STM32CubeIDE/plugins/com.st.stm32cube.ide.mcu.externaltools.gnu-tools-for-stm32.12.3.rel1.win32_1.1.0.202410251130/tools/bin/../lib/gcc/arm-none-eabi/12.3.1/../../../../arm-none-eabi/lib/thumb/v7e-m+fp/hard\libc_nano.a(libc_a-mprec.o)
                0x080202d0                __mprec_bigtens
 .rodata.__mprec_tens
                0x080202f8       0xc8 C:/ST/STM32CubeIDE_1.17.0/STM32CubeIDE/plugins/com.st.stm32cube.ide.mcu.externaltools.gnu-tools-for-stm32.12.3.rel1.win32_1.1.0.202410251130/tools/bin/../lib/gcc/arm-none-eabi/12.3.1/../../../../arm-none-eabi/lib/thumb/v7e-m+fp/hard\libc_nano.a(libc_a-mprec.o)
                0x080202f8                __mprec_tens
 .rodata._setlocale_r.str1.1
                0x080203c0        0x8 C:/ST/STM32CubeIDE_1.17.0/STM32CubeIDE/plugins/com.st.stm32cube.ide.mcu.externaltools.gnu-tools-for-stm32.12.3.rel1.win32_1.1.0.202410251130/tools/bin/../lib/gcc/arm-none-eabi/12.3.1/../../../../arm-none-eabi/lib/thumb/v7e-m+fp/hard\libc_nano.a(libc_a-locale.o)
                                  0x9 (size before relaxing)
 .rodata.str1.1
                0x080203c8        0x2 C:/ST/STM32CubeIDE_1.17.0/STM32CubeIDE/plugins/com.st.stm32cube.ide.mcu.externaltools.gnu-tools-for-stm32.12.3.rel1.win32_1.1.0.202410251130/tools/bin/../lib/gcc/arm-none-eabi/12.3.1/../../../../arm-none-eabi/lib/thumb/v7e-m+fp/hard\libc_nano.a(libc_a-locale.o)
 .rodata.__assert_func.str1.1
                0x080203ca       0x3c C:/ST/STM32CubeIDE_1.17.0/STM32CubeIDE/plugins/com.st.stm32cube.ide.mcu.externaltools.gnu-tools-for-stm32.12.3.rel1.win32_1.1.0.202410251130/tools/bin/../lib/gcc/arm-none-eabi/12.3.1/../../../../arm-none-eabi/lib/thumb/v7e-m+fp/hard\libc_nano.a(libc_a-assert.o)
                                 0x3d (size before relaxing)
 .rodata._ctype_
                0x08020406      0x101 C:/ST/STM32CubeIDE_1.17.0/STM32CubeIDE/plugins/com.st.stm32cube.ide.mcu.externaltools.gnu-tools-for-stm32.12.3.rel1.win32_1.1.0.202410251130/tools/bin/../lib/gcc/arm-none-eabi/12.3.1/../../../../arm-none-eabi/lib/thumb/v7e-m+fp/hard\libc_nano.a(libc_a-ctype_.o)
                0x08020406                _ctype_
 .rodata._vfprintf_r.str1.1
                0x08020507       0x11 C:/ST/STM32CubeIDE_1.17.0/STM32CubeIDE/plugins/com.st.stm32cube.ide.mcu.externaltools.gnu-tools-for-stm32.12.3.rel1.win32_1.1.0.202410251130/tools/bin/../lib/gcc/arm-none-eabi/12.3.1/../../../../arm-none-eabi/lib/thumb/v7e-m+fp/hard\libc_nano.a(libc_a-nano-vfprintf.o)
 .rodata.npio2_hw
                0x08020518       0x80 C:/ST/STM32CubeIDE_1.17.0/STM32CubeIDE/plugins/com.st.stm32cube.ide.mcu.externaltools.gnu-tools-for-stm32.12.3.rel1.win32_1.1.0.202410251130/tools/bin/../lib/gcc/arm-none-eabi/12.3.1/../../../../arm-none-eabi/lib/thumb/v7e-m+fp/hard\libm.a(libm_a-e_rem_pio2.o)
 .rodata.two_over_pi
                0x08020598      0x108 C:/ST/STM32CubeIDE_1.17.0/STM32CubeIDE/plugins/com.st.stm32cube.ide.mcu.externaltools.gnu-tools-for-stm32.12.3.rel1.win32_1.1.0.202410251130/tools/bin/../lib/gcc/arm-none-eabi/12.3.1/../../../../arm-none-eabi/lib/thumb/v7e-m+fp/hard\libm.a(libm_a-e_rem_pio2.o)
 .rodata.PIo2   0x080206a0       0x40 C:/ST/STM32CubeIDE_1.17.0/STM32CubeIDE/plugins/com.st.stm32cube.ide.mcu.externaltools.gnu-tools-for-stm32.12.3.rel1.win32_1.1.0.202410251130/tools/bin/../lib/gcc/arm-none-eabi/12.3.1/../../../../arm-none-eabi/lib/thumb/v7e-m+fp/hard\libm.a(libm_a-k_rem_pio2.o)
 .rodata.init_jk
                0x080206e0       0x10 C:/ST/STM32CubeIDE_1.17.0/STM32CubeIDE/plugins/com.st.stm32cube.ide.mcu.externaltools.gnu-tools-for-stm32.12.3.rel1.win32_1.1.0.202410251130/tools/bin/../lib/gcc/arm-none-eabi/12.3.1/../../../../arm-none-eabi/lib/thumb/v7e-m+fp/hard\libm.a(libm_a-k_rem_pio2.o)
                0x080206f0                        . = ALIGN (0x4)

.ARM.extab      0x080206f0        0x0
                0x080206f0                        . = ALIGN (0x4)
 *(.ARM.extab* .gnu.linkonce.armextab.*)
                0x080206f0                        . = ALIGN (0x4)

.ARM            0x080206f0        0x8
                0x080206f0                        . = ALIGN (0x4)
                0x080206f0                        __exidx_start = .
 *(.ARM.exidx*)
 .ARM.exidx     0x080206f0        0x8 C:/ST/STM32CubeIDE_1.17.0/STM32CubeIDE/plugins/com.st.stm32cube.ide.mcu.externaltools.gnu-tools-for-stm32.12.3.rel1.win32_1.1.0.202410251130/tools/bin/../lib/gcc/arm-none-eabi/12.3.1/../../../../arm-none-eabi/lib/thumb/v7e-m+fp/hard\libc_nano.a(libc_a-memchr.o)
 .ARM.exidx     0x080206f8        0x0 C:/ST/STM32CubeIDE_1.17.0/STM32CubeIDE/plugins/com.st.stm32cube.ide.mcu.externaltools.gnu-tools-for-stm32.12.3.rel1.win32_1.1.0.202410251130/tools/bin/../lib/gcc/arm-none-eabi/12.3.1/../../../../arm-none-eabi/lib/thumb/v7e-m+fp/hard\libc_nano.a(libc_a-strlen.o)
                                  0x8 (size before relaxing)
 .ARM.exidx     0x080206f8        0x0 C:/ST/STM32CubeIDE_1.17.0/STM32CubeIDE/plugins/com.st.stm32cube.ide.mcu.externaltools.gnu-tools-for-stm32.12.3.rel1.win32_1.1.0.202410251130/tools/bin/../lib/gcc/arm-none-eabi/12.3.1/thumb/v7e-m+fp/hard\libgcc.a(_udivmoddi4.o)
                                  0x8 (size before relaxing)
                0x080206f8                        __exidx_end = .
                0x080206f8                        . = ALIGN (0x4)

.rel.dyn        0x080206f8        0x0
 .rel.iplt      0x080206f8        0x0 C:/ST/STM32CubeIDE_1.17.0/STM32CubeIDE/plugins/com.st.stm32cube.ide.mcu.externaltools.gnu-tools-for-stm32.12.3.rel1.win32_1.1.0.202410251130/tools/bin/../lib/gcc/arm-none-eabi/12.3.1/thumb/v7e-m+fp/hard/crtbegin.o

.preinit_array  0x080206f8        0x0
                0x080206f8                        . = ALIGN (0x4)
                0x080206f8                        PROVIDE (__preinit_array_start = .)
 *(.preinit_array*)
                0x080206f8                        PROVIDE (__preinit_array_end = .)
                0x080206f8                        . = ALIGN (0x4)

.init_array     0x080206f8        0x4
                0x080206f8                        . = ALIGN (0x4)
                0x080206f8                        PROVIDE (__init_array_start = .)
 *(SORT_BY_NAME(.init_array.*))
 *(.init_array*)
 .init_array    0x080206f8        0x4 C:/ST/STM32CubeIDE_1.17.0/STM32CubeIDE/plugins/com.st.stm32cube.ide.mcu.externaltools.gnu-tools-for-stm32.12.3.rel1.win32_1.1.0.202410251130/tools/bin/../lib/gcc/arm-none-eabi/12.3.1/thumb/v7e-m+fp/hard/crtbegin.o
                0x080206fc                        PROVIDE (__init_array_end = .)
                0x080206fc                        . = ALIGN (0x4)

.fini_array     0x080206fc        0x4
                0x080206fc                        . = ALIGN (0x4)
                [!provide]                        PROVIDE (__fini_array_start = .)
 *(SORT_BY_NAME(.fini_array.*))
 *(.fini_array*)
 .fini_array    0x080206fc        0x4 C:/ST/STM32CubeIDE_1.17.0/STM32CubeIDE/plugins/com.st.stm32cube.ide.mcu.externaltools.gnu-tools-for-stm32.12.3.rel1.win32_1.1.0.202410251130/tools/bin/../lib/gcc/arm-none-eabi/12.3.1/thumb/v7e-m+fp/hard/crtbegin.o
                [!provide]                        PROVIDE (__fini_array_end = .)
                0x08020700                        . = ALIGN (0x4)
                0x08020700                        _sidata = LOADADDR (.data)

.data           0x20000000      0x3b8 load address 0x08020700
                0x20000000                        . = ALIGN (0x4)
                0x20000000                        _sdata = .
 *(.data)
 *(.data*)
 .data.FreqNotes
                0x20000000       0x5e ./Core/Src/main.o
                0x20000000                FreqNotes
 *fill*         0x2000005e        0x2 
 .data.Treshold
                0x20000060        0xc ./Core/Src/main.o
                0x20000060                Treshold
 .data.FIR_LENGHT
                0x2000006c        0x1 ./Core/Src/main.o
                0x2000006c                FIR_LENGHT
 *fill*         0x2000006d        0x3 
 .data.fir_coefficients10k
                0x20000070       0x7c ./Core/Src/main.o
                0x20000070                fir_coefficients10k
 .data.fir_coefficients5k
                0x200000ec       0x7c ./Core/Src/main.o
                0x200000ec                fir_coefficients5k
 .data.fir_coefficients2_5k
                0x20000168       0x7c ./Core/Src/main.o
                0x20000168                fir_coefficients2_5k
 .data.SystemCoreClock
                0x200001e4        0x4 ./Core/Src/system_stm32f4xx.o
                0x200001e4                SystemCoreClock
 .data.uwTickPrio
                0x200001e8        0x4 ./Drivers/STM32F4xx_HAL_Driver/Src/stm32f4xx_hal.o
                0x200001e8                uwTickPrio
 .data.uwTickFreq
                0x200001ec        0x1 ./Drivers/STM32F4xx_HAL_Driver/Src/stm32f4xx_hal.o
                0x200001ec                uwTickFreq
 *fill*         0x200001ed        0x3 
 .data.__sglue  0x200001f0        0xc C:/ST/STM32CubeIDE_1.17.0/STM32CubeIDE/plugins/com.st.stm32cube.ide.mcu.externaltools.gnu-tools-for-stm32.12.3.rel1.win32_1.1.0.202410251130/tools/bin/../lib/gcc/arm-none-eabi/12.3.1/../../../../arm-none-eabi/lib/thumb/v7e-m+fp/hard\libc_nano.a(libc_a-findfp.o)
                0x200001f0                __sglue
 .data._impure_ptr
                0x200001fc        0x4 C:/ST/STM32CubeIDE_1.17.0/STM32CubeIDE/plugins/com.st.stm32cube.ide.mcu.externaltools.gnu-tools-for-stm32.12.3.rel1.win32_1.1.0.202410251130/tools/bin/../lib/gcc/arm-none-eabi/12.3.1/../../../../arm-none-eabi/lib/thumb/v7e-m+fp/hard\libc_nano.a(libc_a-impure.o)
                0x200001fc                _impure_ptr
 .data._impure_data
                0x20000200       0x4c C:/ST/STM32CubeIDE_1.17.0/STM32CubeIDE/plugins/com.st.stm32cube.ide.mcu.externaltools.gnu-tools-for-stm32.12.3.rel1.win32_1.1.0.202410251130/tools/bin/../lib/gcc/arm-none-eabi/12.3.1/../../../../arm-none-eabi/lib/thumb/v7e-m+fp/hard\libc_nano.a(libc_a-impure.o)
                0x20000200                _impure_data
 .data.__global_locale
                0x2000024c      0x16c C:/ST/STM32CubeIDE_1.17.0/STM32CubeIDE/plugins/com.st.stm32cube.ide.mcu.externaltools.gnu-tools-for-stm32.12.3.rel1.win32_1.1.0.202410251130/tools/bin/../lib/gcc/arm-none-eabi/12.3.1/../../../../arm-none-eabi/lib/thumb/v7e-m+fp/hard\libc_nano.a(libc_a-locale.o)
                0x2000024c                __global_locale
 *(.RamFunc)
 *(.RamFunc*)
                0x200003b8                        . = ALIGN (0x4)
                0x200003b8                        _edata = .

.igot.plt       0x200003b8        0x0 load address 0x08020ab8
 .igot.plt      0x200003b8        0x0 C:/ST/STM32CubeIDE_1.17.0/STM32CubeIDE/plugins/com.st.stm32cube.ide.mcu.externaltools.gnu-tools-for-stm32.12.3.rel1.win32_1.1.0.202410251130/tools/bin/../lib/gcc/arm-none-eabi/12.3.1/thumb/v7e-m+fp/hard/crtbegin.o
                0x200003b8                        . = ALIGN (0x4)

.bss            0x200003b8     0x9780 load address 0x08020ab8
                0x200003b8                        _sbss = .
                0x200003b8                        __bss_start__ = _sbss
 *(.bss)
 .bss           0x200003b8       0x1c C:/ST/STM32CubeIDE_1.17.0/STM32CubeIDE/plugins/com.st.stm32cube.ide.mcu.externaltools.gnu-tools-for-stm32.12.3.rel1.win32_1.1.0.202410251130/tools/bin/../lib/gcc/arm-none-eabi/12.3.1/thumb/v7e-m+fp/hard/crtbegin.o
 *(.bss*)
 .bss.hadc1     0x200003d4       0x48 ./Core/Src/main.o
                0x200003d4                hadc1
 .bss.hdma_adc1
                0x2000041c       0x60 ./Core/Src/main.o
                0x2000041c                hdma_adc1
 .bss.htim2     0x2000047c       0x48 ./Core/Src/main.o
                0x2000047c                htim2
 .bss.huart2    0x200004c4       0x44 ./Core/Src/main.o
                0x200004c4                huart2
 .bss.huart3    0x20000508       0x44 ./Core/Src/main.o
                0x20000508                huart3
 .bss.hdma_usart3_tx
                0x2000054c       0x60 ./Core/Src/main.o
                0x2000054c                hdma_usart3_tx
 .bss.dmaBuffer
                0x200005ac     0x1808 ./Core/Src/main.o
 .bss.hannWindow1
                0x20001db4      0x400 ./Core/Src/main.o
                0x20001db4                hannWindow1
 .bss.hannWindow2
                0x200021b4      0x800 ./Core/Src/main.o
                0x200021b4                hannWindow2
 .bss.hannWindow3
                0x200029b4      0x200 ./Core/Src/main.o
                0x200029b4                hannWindow3
 .bss.signal0filtered
                0x20002bb4      0x800 ./Core/Src/main.o
                0x20002bb4                signal0filtered
 .bss.signal1filtered
                0x200033b4      0x800 ./Core/Src/main.o
                0x200033b4                signal1filtered
 .bss.signal2filtered
                0x20003bb4      0x800 ./Core/Src/main.o
                0x20003bb4                signal2filtered
 .bss.signal3filtered
                0x200043b4      0x200 ./Core/Src/main.o
                0x200043b4                signal3filtered
 .bss.signal4filtered
                0x200045b4      0x400 ./Core/Src/main.o
                0x200045b4                signal4filtered
 .bss.signal5filtered
                0x200049b4      0x400 ./Core/Src/main.o
                0x200049b4                signal5filtered
 .bss.signalbuffer0
                0x20004db4      0x400 ./Core/Src/main.o
                0x20004db4                signalbuffer0
 .bss.signalbuffer1
                0x200051b4      0x400 ./Core/Src/main.o
                0x200051b4                signalbuffer1
 .bss.signalbuffer2
                0x200055b4      0x400 ./Core/Src/main.o
                0x200055b4                signalbuffer2
 .bss.signalbuffer3
                0x200059b4      0x400 ./Core/Src/main.o
                0x200059b4                signalbuffer3
 .bss.signalbuffer4
                0x20005db4      0x400 ./Core/Src/main.o
                0x20005db4                signalbuffer4
 .bss.signalbuffer5
                0x200061b4      0x400 ./Core/Src/main.o
                0x200061b4                signalbuffer5
 .bss.signalfilteredbuffer0
                0x200065b4      0x800 ./Core/Src/main.o
                0x200065b4                signalfilteredbuffer0
 .bss.signalfilteredbuffer1
                0x20006db4      0x800 ./Core/Src/main.o
                0x20006db4                signalfilteredbuffer1
 .bss.signalfilteredbuffer2
                0x200075b4      0x800 ./Core/Src/main.o
                0x200075b4                signalfilteredbuffer2
 .bss.signalfilteredbuffer3
                0x20007db4      0x800 ./Core/Src/main.o
                0x20007db4                signalfilteredbuffer3
 .bss.signalfilteredbuffer4
                0x200085b4      0x800 ./Core/Src/main.o
                0x200085b4                signalfilteredbuffer4
 .bss.signalfilteredbuffer5
                0x20008db4      0x800 ./Core/Src/main.o
                0x20008db4                signalfilteredbuffer5
 .bss.maxpp     0x200095b4        0xc ./Core/Src/main.o
                0x200095b4                maxpp
 .bss.maxpp0    0x200095c0        0x2 ./Core/Src/main.o
                0x200095c0                maxpp0
 .bss.maxpp1    0x200095c2        0x2 ./Core/Src/main.o
                0x200095c2                maxpp1
 .bss.maxpp2    0x200095c4        0x2 ./Core/Src/main.o
                0x200095c4                maxpp2
 .bss.maxpp3    0x200095c6        0x2 ./Core/Src/main.o
                0x200095c6                maxpp3
 .bss.maxpp4    0x200095c8        0x2 ./Core/Src/main.o